61.148.243.80 - - [08/Oct/2018:14:16:36 +0800] "GET /hotspot-list HTTP/1.1" 200 1052 "-" "Mozilla/5.0 (iPhone; CPU iPhone OS 12_0 like Mac OS X) AppleWebKit/605.1.15 (KHTML, like Gecko) Mobile/16A366 MicroMessenger/6.7.3(0x16070321) NetType/4G Language/zh_CN"
61.148.243.80 - - [08/Oct/2018:14:16:38 +0800] "GET /hotspot-view?h_id=4 HTTP/1.1" 200 2462 "http://peng.jinxiaofei.xyz/hotspot-list" "Mozilla/5.0 (iPhone; CPU iPhone OS 12_0 like Mac OS X) AppleWebKit/605.1.15 (KHTML, like Gecko) Mobile/16A366 MicroMessenger/6.7.3(0x16070321) NetType/4G Language/zh_CN"
61.148.243.80 - - [08/Oct/2018:14:16:46 +0800] "GET /hotspot-thread?contont2=111&h_id=4&con_id=8&_=1538979401995 HTTP/1.1" 200 324 "http://peng.jinxiaofei.xyz/hotspot-view?h_id=4" "Mozilla/5.0 (iPhone; CPU iPhone OS 12_0 like Mac OS X) AppleWebKit/605.1.15 (KHTML, like Gecko) Mobile/16A366 MicroMessenger/6.7.3(0x16070321) NetType/4G Language/zh_CN"
61.148.243.80 - - [08/Oct/2018:14:16:49 +0800] "GET /hotspot-thread?contont2=111&h_id=4&con_id=8&_=1538979401996 HTTP/1.1" 200 324 "http://peng.jinxiaofei.xyz/hotspot-view?h_id=4" "Mozilla/5.0 (iPhone; CPU iPhone OS 12_0 like Mac OS X) AppleWebKit/605.1.15 (KHTML, like Gecko) Mobile/16A366 MicroMessenger/6.7.3(0x16070321) NetType/4G Language/zh_CN"
61.148.243.80 - - [08/Oct/2018:14:16:50 +0800] "GET /hotspot-thread?contont2=111&h_id=4&con_id=8&_=1538979401997 HTTP/1.1" 200 324 "http://peng.jinxiaofei.xyz/hotspot-view?h_id=4" "Mozilla/5.0 (iPhone; CPU iPhone OS 12_0 like Mac OS X) AppleWebKit/605.1.15 (KHTML, like Gecko) Mobile/16A366 MicroMessenger/6.7.3(0x16070321) NetType/4G Language/zh_CN"
61.148.243.80 - - [08/Oct/2018:14:16:51 +0800] "GET /hotspot-thread?contont2=111&h_id=4&con_id=8&_=1538979401998 HTTP/1.1" 200 324 "http://peng.jinxiaofei.xyz/hotspot-view?h_id=4" "Mozilla/5.0 (iPhone; CPU iPhone OS 12_0 like Mac OS X) AppleWebKit/605.1.15 (KHTML, like Gecko) Mobile/16A366 MicroMessenger/6.7.3(0x16070321) NetType/4G Language/zh_CN"
61.148.243.80 - - [08/Oct/2018:14:16:51 +0800] "GET /hotspot-thread?contont2=111&h_id=4&con_id=8&_=1538979401999 HTTP/1.1" 200 324 "http://peng.jinxiaofei.xyz/hotspot-view?h_id=4" "Mozilla/5.0 (iPhone; CPU iPhone OS 12_0 like Mac OS X) AppleWebKit/605.1.15 (KHTML, like Gecko) Mobile/16A366 MicroMessenger/6.7.3(0x16070321) NetType/4G Language/zh_CN"
61.148.243.80 - - [08/Oct/2018:14:16:51 +0800] "GET /hotspot-thread?contont2=111&h_id=4&con_id=8&_=1538979402000 HTTP/1.1" 200 324 "http://peng.jinxiaofei.xyz/hotspot-view?h_id=4" "Mozilla/5.0 (iPhone; CPU iPhone OS 12_0 like Mac OS X) AppleWebKit/605.1.15 (KHTML, like Gecko) Mobile/16A366 MicroMessenger/6.7.3(0x16070321) NetType/4G Language/zh_CN"
61.148.243.80 - - [08/Oct/2018:14:16:51 +0800] "GET /hotspot-thread?contont2=111&h_id=4&con_id=8&_=1538979402001 HTTP/1.1" 200 324 "http://peng.jinxiaofei.xyz/hotspot-view?h_id=4" "Mozilla/5.0 (iPhone; CPU iPhone OS 12_0 like Mac OS X) AppleWebKit/605.1.15 (KHTML, like Gecko) Mobile/16A366 MicroMessenger/6.7.3(0x16070321) NetType/4G Language/zh_CN"
61.148.243.80 - - [08/Oct/2018:14:16:52 +0800] "GET /hotspot-thread?contont2=111&h_id=4&con_id=8&_=1538979402002 HTTP/1.1" 200 324 "http://peng.jinxiaofei.xyz/hotspot-view?h_id=4" "Mozilla/5.0 (iPhone; CPU iPhone OS 12_0 like Mac OS X) AppleWebKit/605.1.15 (KHTML, like Gecko) Mobile/16A366 MicroMessenger/6.7.3(0x16070321) NetType/4G Language/zh_CN"
61.148.243.80 - - [08/Oct/2018:14:16:52 +0800] "GET /hotspot-thread?contont2=111&h_id=4&con_id=8&_=1538979402003 HTTP/1.1" 200 324 "http://peng.jinxiaofei.xyz/hotspot-view?h_id=4" "Mozilla/5.0 (iPhone; CPU iPhone OS 12_0 like Mac OS X) AppleWebKit/605.1.15 (KHTML, like Gecko) Mobile/16A366 MicroMessenger/6.7.3(0x16070321) NetType/4G Language/zh_CN"
61.148.243.80 - - [08/Oct/2018:14:16:52 +0800] "GET /hotspot-thread?contont2=111&h_id=4&con_id=8&_=1538979402004 HTTP/1.1" 200 324 "http://peng.jinxiaofei.xyz/hotspot-view?h_id=4" "Mozilla/5.0 (iPhone; CPU iPhone OS 12_0 like Mac OS X) AppleWebKit/605.1.15 (KHTML, like Gecko) Mobile/16A366 MicroMessenger/6.7.3(0x16070321) NetType/4G Language/zh_CN"
101.226.233.144 - - [08/Oct/2018:14:17:17 +0800] "POST /weixin.php?signature=3779b155fba8f084ceaedc9ae19398a01a5181d1&timestamp=1538979436&nonce=512230988&openid=owRHY1cti1oJT7ZfEgzXNbTyJPEo HTTP/1.1" 200 5 "-" "Mozilla/4.0"
58.246.221.163 - - [08/Oct/2018:14:17:17 +0800] "GET /hotspot-thread HTTP/1.1" 200 5 "-" "Mozilla/5.0 (Macintosh; Intel Mac OS X 10_12_4) AppleWebKit/537.36 (KHTML, like Gecko) \x09\x09\x09Chrome/55.0.2883.95 Safari/537.36"
58.247.212.207 - - [08/Oct/2018:14:17:17 +0800] "GET /hotspot-thread HTTP/1.1" 200 5 "-" "Mozilla/5.0 (Windows NT 6.1; WOW64) AppleWebKit/537.36 (KHTML, like Gecko) Chrome/43.0.2357.124 Safari/537.36"
61.129.6.203 - - [08/Oct/2018:14:17:18 +0800] "GET /hotspot-thread HTTP/1.1" 200 31 "" "Mozilla/5.0 (iPhone; CPU iPhone OS 8_4 like Mac OS X) AppleWebKit/600.1.4 (KHTML, like Gecko) Version/8.0 Mobile/12H143 Safari/600.1.4"
117.136.38.152 - - [08/Oct/2018:14:17:26 +0800] "GET /hotspot-view?h_id=4 HTTP/1.1" 200 2460 "-" "Mozilla/5.0 (Windows NT 10.0; Win64; x64) AppleWebKit/537.36 (KHTML, like Gecko) Chrome/67.0.3396.87 Safari/537.36"
117.136.38.152 - - [08/Oct/2018:14:17:26 +0800] "GET /css/law_touch.css HTTP/1.1" 200 30101 "http://peng.jinxiaofei.xyz/hotspot-view?h_id=4" "Mozilla/5.0 (Windows NT 10.0; Win64; x64) AppleWebKit/537.36 (KHTML, like Gecko) Chrome/67.0.3396.87 Safari/537.36"
117.136.38.152 - - [08/Oct/2018:14:17:26 +0800] "GET /css/mobi.min.js HTTP/1.1" 200 7724 "http://peng.jinxiaofei.xyz/hotspot-view?h_id=4" "Mozilla/5.0 (Windows NT 10.0; Win64; x64) AppleWebKit/537.36 (KHTML, like Gecko) Chrome/67.0.3396.87 Safari/537.36"
117.136.38.152 - - [08/Oct/2018:14:17:45 +0800] "GET /hotspot-view?h_id=4 HTTP/1.1" 200 2460 "-" "Mozilla/5.0 (Windows NT 10.0; Win64; x64) AppleWebKit/537.36 (KHTML, like Gecko) Chrome/67.0.3396.87 Safari/537.36"
117.136.38.152 - - [08/Oct/2018:14:18:24 +0800] "GET /hotspot-thread HTTP/1.1" 200 31 "-" "Mozilla/5.0 (Windows NT 10.0; Win64; x64) AppleWebKit/537.36 (KHTML, like Gecko) Chrome/67.0.3396.87 Safari/537.36"
117.136.38.152 - - [08/Oct/2018:14:18:36 +0800] "GET /hotspot-comment HTTP/1.1" 500 617396 "-" "Mozilla/5.0 (Windows NT 10.0; Win64; x64) AppleWebKit/537.36 (KHTML, like Gecko) Chrome/67.0.3396.87 Safari/537.36"
218.26.55.8 - - [08/Oct/2018:14:27:06 +0800] "GET /hotspot-thread HTTP/1.1" 200 31 "-" "Mozilla/5.0 (Windows NT 10.0; WOW64) AppleWebKit/537.36 (KHTML, like Gecko) Chrome/67.0.3396.62 Safari/537.36"
218.26.55.8 - - [08/Oct/2018:14:27:29 +0800] "GET /hotspot-list HTTP/1.1" 302 5 "-" "Mozilla/5.0 (Windows NT 10.0; WOW64) AppleWebKit/537.36 (KHTML, like Gecko) Chrome/67.0.3396.62 Safari/537.36"
218.26.55.8 - - [08/Oct/2018:14:35:50 +0800] "GET /hotspot-thread HTTP/1.1" 200 31 "-" "Mozilla/5.0 (Windows NT 10.0; WOW64) AppleWebKit/537.36 (KHTML, like Gecko) Chrome/67.0.3396.62 Safari/537.36"
218.26.55.8 - - [08/Oct/2018:14:35:50 +0800] "GET /favicon.ico HTTP/1.1" 200 0 "http://peng.jinxiaofei.xyz/hotspot-thread" "Mozilla/5.0 (Windows NT 10.0; WOW64) AppleWebKit/537.36 (KHTML, like Gecko) Chrome/67.0.3396.62 Safari/537.36"
117.136.38.152 - - [08/Oct/2018:14:52:42 +0800] "GET /refund?q_id=2&u_id=3 HTTP/1.1" 200 61 "-" "Mozilla/5.0 (Windows NT 10.0; Win64; x64) AppleWebKit/537.36 (KHTML, like Gecko) Chrome/67.0.3396.87 Safari/537.36"
101.226.233.154 - - [08/Oct/2018:15:06:49 +0800] "POST /weixin.php?signature=2305e7ee611c9f72feab4b264e43e92afb687f42&timestamp=1538982409&nonce=1360413494&openid=owRHY1cti1oJT7ZfEgzXNbTyJPEo HTTP/1.1" 200 5 "-" "Mozilla/4.0"
61.148.243.80 - - [08/Oct/2018:15:06:49 +0800] "GET /question-list HTTP/1.1" 200 702 "-" "Mozilla/5.0 (iPhone; CPU iPhone OS 12_0 like Mac OS X) AppleWebKit/605.1.15 (KHTML, like Gecko) Mobile/16A366 MicroMessenger/6.7.3(0x16070321) NetType/4G Language/zh_CN"
61.148.243.80 - - [08/Oct/2018:15:06:51 +0800] "GET /release-question HTTP/1.1" 200 492 "http://peng.jinxiaofei.xyz/question-list" "Mozilla/5.0 (iPhone; CPU iPhone OS 12_0 like Mac OS X) AppleWebKit/605.1.15 (KHTML, like Gecko) Mobile/16A366 MicroMessenger/6.7.3(0x16070321) NetType/4G Language/zh_CN"
101.226.233.143 - - [08/Oct/2018:15:07:39 +0800] "POST /weixin.php?signature=c4c0c3f44e7642b4b7025c1610d3527b3d2667d1&timestamp=1538982459&nonce=1373859529&openid=owRHY1cti1oJT7ZfEgzXNbTyJPEo HTTP/1.1" 200 5 "-" "Mozilla/4.0"
61.148.243.80 - - [08/Oct/2018:15:07:39 +0800] "GET /question-list HTTP/1.1" 200 702 "-" "Mozilla/5.0 (iPhone; CPU iPhone OS 12_0 like Mac OS X) AppleWebKit/605.1.15 (KHTML, like Gecko) Mobile/16A366 MicroMessenger/6.7.3(0x16070321) NetType/4G Language/zh_CN"
180.97.118.219 - - [08/Oct/2018:15:07:49 +0800] "GET /question-list HTTP/1.1" 200 2221 "-" "Mozilla/5.0 (iPhone; CPU iPhone OS 10_2_1 like Mac OS X) AppleWebKit/602.4.6 (KHTML, like Gecko) Mobile/14D27 MicroMessenger/6.5.5 NetType/WIFI Language/zh_CN"
61.129.6.227 - - [08/Oct/2018:15:07:51 +0800] "GET /release-question HTTP/1.1" 200 740 "-" "Mozilla/5.0 (iPhone; CPU iPhone OS 10_2_1 like Mac OS X) AppleWebKit/602.4.6 (KHTML, like Gecko) Mobile/14D27 MicroMessenger/6.5.5 NetType/WIFI Language/zh_CN"
61.148.243.80 - - [08/Oct/2018:15:07:53 +0800] "GET /release-question HTTP/1.1" 200 492 "http://peng.jinxiaofei.xyz/question-list" "Mozilla/5.0 (iPhone; CPU iPhone OS 12_0 like Mac OS X) AppleWebKit/605.1.15 (KHTML, like Gecko) Mobile/16A366 MicroMessenger/6.7.3(0x16070321) NetType/4G Language/zh_CN"
61.151.178.163 - - [08/Oct/2018:15:07:54 +0800] "GET /release-question HTTP/1.1" 200 458 "" "Mozilla/5.0 (iPhone; CPU iPhone OS 8_4 like Mac OS X) AppleWebKit/600.1.4 (KHTML, like Gecko) Version/8.0 Mobile/12H143 Safari/600.1.4"
61.148.243.80 - - [08/Oct/2018:15:08:33 +0800] "GET /release-question HTTP/1.1" 200 492 "http://peng.jinxiaofei.xyz/question-list" "Mozilla/5.0 (iPhone; CPU iPhone OS 12_0 like Mac OS X) AppleWebKit/605.1.15 (KHTML, like Gecko) Mobile/16A366 MicroMessenger/6.7.3(0x16070321) NetType/4G Language/zh_CN"
101.226.233.144 - - [08/Oct/2018:15:09:01 +0800] "POST /weixin.php?signature=5ab5c07f21651d3f860e57577e9d482748bd0b81&timestamp=1538982541&nonce=1840712903&openid=owRHY1cti1oJT7ZfEgzXNbTyJPEo HTTP/1.1" 200 5 "-" "Mozilla/4.0"
61.148.243.80 - - [08/Oct/2018:15:09:02 +0800] "GET /question-list HTTP/1.1" 200 702 "-" "Mozilla/5.0 (iPhone; CPU iPhone OS 12_0 like Mac OS X) AppleWebKit/605.1.15 (KHTML, like Gecko) Mobile/16A366 MicroMessenger/6.7.3(0x16070321) NetType/4G Language/zh_CN"
61.148.243.80 - - [08/Oct/2018:15:09:04 +0800] "GET /release-question HTTP/1.1" 200 492 "http://peng.jinxiaofei.xyz/question-list" "Mozilla/5.0 (iPhone; CPU iPhone OS 12_0 like Mac OS X) AppleWebKit/605.1.15 (KHTML, like Gecko) Mobile/16A366 MicroMessenger/6.7.3(0x16070321) NetType/4G Language/zh_CN"
61.148.243.80 - - [08/Oct/2018:15:09:53 +0800] "GET /hotspot-view?h_id=4 HTTP/1.1" 200 2462 "-" "Mozilla/5.0 (iPhone; CPU iPhone OS 12_0 like Mac OS X) AppleWebKit/605.1.15 (KHTML, like Gecko) Mobile/16A366 MicroMessenger/6.7.3(0x16070321) NetType/4G Language/zh_CN"
61.151.179.83 - - [08/Oct/2018:15:10:04 +0800] "GET /release-question HTTP/1.1" 200 740 "-" "Mozilla/5.0 (Linux; Android 5.1.1; SM801 Build/LMY47V; wv) AppleWebKit/537.36 (KHTML, like Gecko) Version/4.0 Chrome/53.0.2785.49 Mobile MQQBrowser/6.2 TBS/043024 Safari/537.36 MicroMessenger/6.5.4.1000 NetType/4G Language/zh_CN"
101.226.233.139 - - [08/Oct/2018:15:10:51 +0800] "POST /weixin.php?signature=6b36cf9b50edbbc8b9289426eb24bbd5bded9198&timestamp=1538982651&nonce=1300687088&openid=owRHY1cti1oJT7ZfEgzXNbTyJPEo HTTP/1.1" 200 5 "-" "Mozilla/4.0"
61.148.243.80 - - [08/Oct/2018:15:10:51 +0800] "GET /release-question HTTP/1.1" 200 492 "-" "Mozilla/5.0 (iPhone; CPU iPhone OS 12_0 like Mac OS X) AppleWebKit/605.1.15 (KHTML, like Gecko) Mobile/16A366 MicroMessenger/6.7.3(0x16070321) NetType/4G Language/zh_CN"
117.136.38.152 - - [08/Oct/2018:15:11:08 +0800] "GET /release-question HTTP/1.1" 200 458 "-" "Mozilla/5.0 (Windows NT 10.0; Win64; x64) AppleWebKit/537.36 (KHTML, like Gecko) Chrome/67.0.3396.87 Safari/537.36"
61.148.244.163 - - [08/Oct/2018:15:11:20 +0800] "GET /release-question HTTP/1.1" 200 492 "-" "Mozilla/5.0 (iPhone; CPU iPhone OS 12_0 like Mac OS X) AppleWebKit/605.1.15 (KHTML, like Gecko) Mobile/16A366 MicroMessenger/6.7.3(0x16070321) NetType/4G Language/zh_CN"
61.148.244.163 - - [08/Oct/2018:15:33:28 +0800] "GET /release-question HTTP/1.1" 200 492 "-" "Mozilla/5.0 (iPhone; CPU iPhone OS 12_0 like Mac OS X) AppleWebKit/605.1.15 (KHTML, like Gecko) Mobile/16A366 MicroMessenger/6.7.3(0x16070321) NetType/4G Language/zh_CN"
117.136.38.152 - - [08/Oct/2018:15:34:09 +0800] "GET /release-question HTTP/1.1" 200 458 "-" "Mozilla/5.0 (Windows NT 10.0; Win64; x64) AppleWebKit/537.36 (KHTML, like Gecko) Chrome/67.0.3396.87 Safari/537.36"
117.136.38.152 - - [08/Oct/2018:15:37:23 +0800] "GET /release-question HTTP/1.1" 200 466 "-" "Mozilla/5.0 (Windows NT 10.0; Win64; x64) AppleWebKit/537.36 (KHTML, like Gecko) Chrome/67.0.3396.87 Safari/537.36"
114.242.250.61 - - [08/Oct/2018:15:42:31 +0800] "GET /release-question HTTP/1.1" 200 466 "-" "Mozilla/5.0 (Windows NT 10.0; Win64; x64) AppleWebKit/537.36 (KHTML, like Gecko) Chrome/67.0.3396.87 Safari/537.36"
114.242.250.61 - - [08/Oct/2018:15:42:39 +0800] "GET /release-question HTTP/1.1" 200 494 "-" "Mozilla/5.0 (iPhone; CPU iPhone OS 12_0 like Mac OS X) AppleWebKit/605.1.15 (KHTML, like Gecko) Mobile/16A366 MicroMessenger/6.7.3(0x16070321) NetType/4G Language/zh_CN"
114.242.250.61 - - [08/Oct/2018:15:43:20 +0800] "GET /pay-do?money=0.01&q_content=%E8%AF%AF%E6%9D%80%E4%BA%BA%E7%8A%AF%E6%B3%95%E5%90%97%EF%BC%8C%E5%87%BA%E4%BA%8E%E9%98%B2%E8%8C%83&openid=owRHY1cti1oJT7ZfEgzXNbTyJPEo HTTP/1.1" 200 77 "http://peng.jinxiaofei.xyz/release-question" "Mozilla/5.0 (iPhone; CPU iPhone OS 12_0 like Mac OS X) AppleWebKit/605.1.15 (KHTML, like Gecko) Mobile/16A366 MicroMessenger/6.7.3(0x16070321) NetType/4G Language/zh_CN"
114.242.250.61 - - [08/Oct/2018:15:44:04 +0800] "GET /pay-do?money=0.01&q_content=%E8%AF%AF%E6%9D%80%E4%BA%BA%E7%8A%AF%E6%B3%95%E5%90%97%EF%BC%8C%E5%87%BA%E4%BA%8E%E9%98%B2%E8%8C%83&openid=owRHY1cti1oJT7ZfEgzXNbTyJPEo HTTP/1.1" 200 77 "-" "Mozilla/5.0 (Windows NT 10.0; Win64; x64) AppleWebKit/537.36 (KHTML, like Gecko) Chrome/67.0.3396.87 Safari/537.36"
101.91.62.89 - - [08/Oct/2018:15:44:20 +0800] "GET /pay-do?money=0.01&q_content=%E8%AF%AF%E6%9D%80%E4%BA%BA%E7%8A%AF%E6%B3%95%E5%90%97%EF%BC%8C%E5%87%BA%E4%BA%8E%E9%98%B2%E8%8C%83&openid=owRHY1cti1oJT7ZfEgzXNbTyJPEo HTTP/1.1" 200 57 "-" "Mozilla/5.0 (Windows NT 6.1; WOW64) AppleWebKit/537.36 (KHTML, like Gecko) Chrome/39.0.2171.95 Safari/537.36 MicroMessenger/6.5.2.501 NetType/WIFI WindowsWechat QBCore/3.43.27.400 QQBrowser/9.0.2524.400"
114.242.250.61 - - [08/Oct/2018:15:45:44 +0800] "GET /pay-do?money=0.01&q_content=%E8%AF%AF%E6%9D%80%E4%BA%BA%E7%8A%AF%E6%B3%95%E5%90%97%EF%BC%8C%E5%87%BA%E4%BA%8E%E9%98%B2%E8%8C%83&openid=owRHY1cti1oJT7ZfEgzXNbTyJPEo HTTP/1.1" 200 81 "-" "Mozilla/5.0 (Windows NT 10.0; Win64; x64) AppleWebKit/537.36 (KHTML, like Gecko) Chrome/67.0.3396.87 Safari/537.36"
114.242.250.61 - - [08/Oct/2018:15:45:44 +0800] "GET /paycode.png HTTP/1.1" 200 711 "http://peng.jinxiaofei.xyz/pay-do?money=0.01&q_content=%E8%AF%AF%E6%9D%80%E4%BA%BA%E7%8A%AF%E6%B3%95%E5%90%97%EF%BC%8C%E5%87%BA%E4%BA%8E%E9%98%B2%E8%8C%83&openid=owRHY1cti1oJT7ZfEgzXNbTyJPEo" "Mozilla/5.0 (Windows NT 10.0; Win64; x64) AppleWebKit/537.36 (KHTML, like Gecko) Chrome/67.0.3396.87 Safari/537.36"
218.26.55.8 - - [08/Oct/2018:15:46:54 +0800] "GET /hotspot-thread HTTP/1.1" 200 31 "-" "Mozilla/5.0 (Windows NT 10.0; WOW64) AppleWebKit/537.36 (KHTML, like Gecko) Chrome/67.0.3396.62 Safari/537.36"
218.26.55.8 - - [08/Oct/2018:15:46:55 +0800] "GET /favicon.ico HTTP/1.1" 200 0 "http://peng.jinxiaofei.xyz/hotspot-thread" "Mozilla/5.0 (Windows NT 10.0; WOW64) AppleWebKit/537.36 (KHTML, like Gecko) Chrome/67.0.3396.62 Safari/537.36"
101.226.233.152 - - [08/Oct/2018:15:47:18 +0800] "POST /weixin.php?signature=3e780751dc6d2fff7f751927af02eda685a4774e&timestamp=1538984838&nonce=1225505336&openid=owRHY1Xan97Rfve7ZFCzpB1sHcV4 HTTP/1.1" 200 5 "-" "Mozilla/4.0"
218.26.55.8 - - [08/Oct/2018:15:47:19 +0800] "GET /find-lawyer HTTP/1.1" 500 616716 "-" "Mozilla/5.0 (iPhone; CPU iPhone OS 11_4_1 like Mac OS X) AppleWebKit/605.1.15 (KHTML, like Gecko) Mobile/15G77 MicroMessenger/6.7.2 NetType/4G Language/zh_HK"
101.226.233.147 - - [08/Oct/2018:15:47:24 +0800] "POST /weixin.php?signature=dbe3b9983c9a9a3b9f5ba9a600a83e6fa72b4aad&timestamp=1538984844&nonce=426087118&openid=owRHY1Xan97Rfve7ZFCzpB1sHcV4 HTTP/1.1" 200 5 "-" "Mozilla/4.0"
218.26.55.8 - - [08/Oct/2018:15:47:24 +0800] "GET /knowledge-list HTTP/1.1" 200 2068 "-" "Mozilla/5.0 (iPhone; CPU iPhone OS 11_4_1 like Mac OS X) AppleWebKit/605.1.15 (KHTML, like Gecko) Mobile/15G77 MicroMessenger/6.7.2 NetType/4G Language/zh_HK"
218.26.55.8 - - [08/Oct/2018:15:47:26 +0800] "GET /knowledge-view?k_id=3 HTTP/1.1" 200 1986 "http://peng.jinxiaofei.xyz/knowledge-list" "Mozilla/5.0 (iPhone; CPU iPhone OS 11_4_1 like Mac OS X) AppleWebKit/605.1.15 (KHTML, like Gecko) Mobile/15G77 MicroMessenger/6.7.2 NetType/4G Language/zh_HK"
218.26.55.8 - - [08/Oct/2018:15:47:27 +0800] "GET /bdimg.share.baidu.com/static/js/shell_v2.js@cdnversion=427496 HTTP/1.1" 404 627 "http://peng.jinxiaofei.xyz/knowledge-view?k_id=3" "Mozilla/5.0 (iPhone; CPU iPhone OS 11_4_1 like Mac OS X) AppleWebKit/605.1.15 (KHTML, like Gecko) Mobile/15G77 MicroMessenger/6.7.2 NetType/4G Language/zh_HK"
101.226.233.142 - - [08/Oct/2018:15:47:30 +0800] "POST /weixin.php?signature=3c77692f30f59eb59ec6ea0d64d9d8c1e84f1e30&timestamp=1538984850&nonce=1812469346&openid=owRHY1Xan97Rfve7ZFCzpB1sHcV4 HTTP/1.1" 200 5 "-" "Mozilla/4.0"
218.26.55.8 - - [08/Oct/2018:15:47:31 +0800] "GET /question-list HTTP/1.1" 200 702 "-" "Mozilla/5.0 (iPhone; CPU iPhone OS 11_4_1 like Mac OS X) AppleWebKit/605.1.15 (KHTML, like Gecko) Mobile/15G77 MicroMessenger/6.7.2 NetType/4G Language/zh_HK"
218.26.55.8 - - [08/Oct/2018:15:47:31 +0800] "GET /lib/layui/css/layui.css HTTP/1.1" 200 13492 "http://peng.jinxiaofei.xyz/question-list" "Mozilla/5.0 (iPhone; CPU iPhone OS 11_4_1 like Mac OS X) AppleWebKit/605.1.15 (KHTML, like Gecko) Mobile/15G77 MicroMessenger/6.7.2 NetType/4G Language/zh_HK"
218.26.55.8 - - [08/Oct/2018:15:47:33 +0800] "GET /question-view?q_id=2 HTTP/1.1" 200 2002 "http://peng.jinxiaofei.xyz/question-list" "Mozilla/5.0 (iPhone; CPU iPhone OS 11_4_1 like Mac OS X) AppleWebKit/605.1.15 (KHTML, like Gecko) Mobile/15G77 MicroMessenger/6.7.2 NetType/4G Language/zh_HK"
101.226.233.157 - - [08/Oct/2018:15:47:46 +0800] "POST /weixin.php?signature=07e7f598e0336892555519cb75936111a7888aba&timestamp=1538984866&nonce=1684464402&openid=owRHY1Xan97Rfve7ZFCzpB1sHcV4 HTTP/1.1" 200 5 "-" "Mozilla/4.0"
218.26.55.8 - - [08/Oct/2018:15:47:46 +0800] "GET /self HTTP/1.1" 200 1225 "-" "Mozilla/5.0 (iPhone; CPU iPhone OS 11_4_1 like Mac OS X) AppleWebKit/605.1.15 (KHTML, like Gecko) Mobile/15G77 MicroMessenger/6.7.2 NetType/4G Language/zh_HK"
101.226.233.147 - - [08/Oct/2018:15:47:49 +0800] "POST /weixin.php?signature=86dabdbd13b17239038c06177226ef6afbfdccab&timestamp=1538984869&nonce=1035308424&openid=owRHY1Xan97Rfve7ZFCzpB1sHcV4 HTTP/1.1" 200 5 "-" "Mozilla/4.0"
218.26.55.8 - - [08/Oct/2018:15:47:49 +0800] "GET /hotspot-list HTTP/1.1" 200 1052 "-" "Mozilla/5.0 (iPhone; CPU iPhone OS 11_4_1 like Mac OS X) AppleWebKit/605.1.15 (KHTML, like Gecko) Mobile/15G77 MicroMessenger/6.7.2 NetType/4G Language/zh_HK"
218.26.55.8 - - [08/Oct/2018:15:47:51 +0800] "GET /hotspot-view?h_id=4 HTTP/1.1" 200 2460 "http://peng.jinxiaofei.xyz/hotspot-list" "Mozilla/5.0 (iPhone; CPU iPhone OS 11_4_1 like Mac OS X) AppleWebKit/605.1.15 (KHTML, like Gecko) Mobile/15G77 MicroMessenger/6.7.2 NetType/4G Language/zh_HK"
114.242.250.61 - - [08/Oct/2018:15:47:52 +0800] "GET /pay-do?money=0.01&q_content=%E8%AF%AF%E6%9D%80%E4%BA%BA%E7%8A%AF%E6%B3%95%E5%90%97%EF%BC%8C%E5%87%BA%E4%BA%8E%E9%98%B2%E8%8C%83&openid=owRHY1cti1oJT7ZfEgzXNbTyJPEo HTTP/1.1" 200 81 "-" "Mozilla/5.0 (Windows NT 10.0; Win64; x64) AppleWebKit/537.36 (KHTML, like Gecko) Chrome/67.0.3396.87 Safari/537.36"
114.242.250.61 - - [08/Oct/2018:15:47:53 +0800] "GET /paycode.png HTTP/1.1" 200 708 "http://peng.jinxiaofei.xyz/pay-do?money=0.01&q_content=%E8%AF%AF%E6%9D%80%E4%BA%BA%E7%8A%AF%E6%B3%95%E5%90%97%EF%BC%8C%E5%87%BA%E4%BA%8E%E9%98%B2%E8%8C%83&openid=owRHY1cti1oJT7ZfEgzXNbTyJPEo" "Mozilla/5.0 (Windows NT 10.0; Win64; x64) AppleWebKit/537.36 (KHTML, like Gecko) Chrome/67.0.3396.87 Safari/537.36"
218.26.55.8 - - [08/Oct/2018:15:47:54 +0800] "GET /hotspot-thread HTTP/1.1" 200 31 "-" "Mozilla/5.0 (Windows NT 10.0; WOW64) AppleWebKit/537.36 (KHTML, like Gecko) Chrome/67.0.3396.62 Safari/537.36"
218.26.55.8 - - [08/Oct/2018:15:47:56 +0800] "GET /hotspot-thread HTTP/1.1" 200 31 "-" "Mozilla/5.0 (Windows NT 10.0; WOW64) AppleWebKit/537.36 (KHTML, like Gecko) Chrome/67.0.3396.62 Safari/537.36"
101.226.103.71 - - [08/Oct/2018:15:48:01 +0800] "POST /notify HTTP/1.1" 200 32 "-" "Mozilla/4.0"
101.226.103.71 - - [08/Oct/2018:15:48:17 +0800] "POST /notify HTTP/1.1" 200 32 "-" "Mozilla/4.0"
61.129.6.251 - - [08/Oct/2018:15:48:18 +0800] "GET /find-lawyer HTTP/1.1" 302 5 "-" "Mozilla/5.0 (Linux; Android 4.4.4; Coolpad Y82-520 Build/KTU84P) AppleWebKit/537.36 (KHTML, like Gecko) Version/4.0 Chrome/33.0.0.0 Mobile Safari/537.36 MicroMessenger/6.5.4.1000 NetType/4G Language/zh_CN"
61.129.6.174 - - [08/Oct/2018:15:48:24 +0800] "GET /knowledge-list HTTP/1.1" 302 5 "-" "Mozilla/5.0 (iPhone; CPU iPhone OS 10_2_1 like Mac OS X) AppleWebKit/602.4.6 (KHTML, like Gecko) Mobile/14D27 MicroMessenger/6.5.5 NetType/WIFI Language/zh_CN"
61.151.178.165 - - [08/Oct/2018:15:48:26 +0800] "GET /knowledge-view?k_id=3 HTTP/1.1" 200 4244 "-" "Mozilla/5.0 (iPhone; CPU iPhone OS 10_2_1 like Mac OS X) AppleWebKit/602.4.6 (KHTML, like Gecko) Mobile/14D27 MicroMessenger/6.5.5 NetType/WIFI Language/en"
61.151.178.165 - - [08/Oct/2018:15:48:27 +0800] "GET /css/mobi.min.js HTTP/1.1" 200 21332 "http://peng.jinxiaofei.xyz/knowledge-view?k_id=3" "Mozilla/5.0 (Linux; Android 4.4.4; Coolpad Y82-520 Build/KTU84P) AppleWebKit/537.36 (KHTML, like Gecko) Version/4.0 Chrome/33.0.0.0 Mobile Safari/537.36 MicroMessenger/6.5.4.1000 NetType/4G Language/zh_CN"
101.226.103.62 - - [08/Oct/2018:15:48:32 +0800] "POST /notify HTTP/1.1" 200 32 "-" "Mozilla/4.0"
101.226.103.62 - - [08/Oct/2018:15:49:02 +0800] "POST /notify HTTP/1.1" 200 32 "-" "Mozilla/4.0"
101.226.103.71 - - [08/Oct/2018:15:52:02 +0800] "POST /notify HTTP/1.1" 200 32 "-" "Mozilla/4.0"
114.242.250.61 - - [08/Oct/2018:15:52:49 +0800] "GET /notify HTTP/1.1" 200 55 "-" "Mozilla/5.0 (Windows NT 10.0; Win64; x64) AppleWebKit/537.36 (KHTML, like Gecko) Chrome/67.0.3396.87 Safari/537.36"
114.242.250.61 - - [08/Oct/2018:15:53:16 +0800] "GET /notify HTTP/1.1" 200 5467 "-" "Mozilla/5.0 (Windows NT 10.0; Win64; x64) AppleWebKit/537.36 (KHTML, like Gecko) Chrome/67.0.3396.87 Safari/537.36"
114.242.250.61 - - [08/Oct/2018:15:56:01 +0800] "GET /notify HTTP/1.1" 200 88 "-" "Mozilla/5.0 (Windows NT 10.0; Win64; x64) AppleWebKit/537.36 (KHTML, like Gecko) Chrome/67.0.3396.87 Safari/537.36"
101.226.233.142 - - [08/Oct/2018:15:57:31 +0800] "POST /weixin.php?signature=53844a27cb075c1f2f81ffacaee560e97720973b&timestamp=1538985451&nonce=662302851&openid=owRHY1Xan97Rfve7ZFCzpB1sHcV4 HTTP/1.1" 200 5 "-" "Mozilla/4.0"
218.26.55.8 - - [08/Oct/2018:15:57:31 +0800] "GET /hotspot-list HTTP/1.1" 200 1052 "-" "Mozilla/5.0 (iPhone; CPU iPhone OS 11_4_1 like Mac OS X) AppleWebKit/605.1.15 (KHTML, like Gecko) Mobile/15G77 MicroMessenger/6.7.2 NetType/4G Language/zh_HK"
218.26.55.8 - - [08/Oct/2018:15:57:33 +0800] "GET /hotspot-view?h_id=4 HTTP/1.1" 200 2460 "http://peng.jinxiaofei.xyz/hotspot-list" "Mozilla/5.0 (iPhone; CPU iPhone OS 11_4_1 like Mac OS X) AppleWebKit/605.1.15 (KHTML, like Gecko) Mobile/15G77 MicroMessenger/6.7.2 NetType/4G Language/zh_HK"
218.26.55.8 - - [08/Oct/2018:15:57:39 +0800] "GET /hotspot-thread?contont2=%E5%8F%8D%E5%8F%8D%E5%A4%8D%E5%A4%8D&h_id=4&con_id=8&_=1538985453302 HTTP/1.1" 200 59 "http://peng.jinxiaofei.xyz/hotspot-view?h_id=4" "Mozilla/5.0 (iPhone; CPU iPhone OS 11_4_1 like Mac OS X) AppleWebKit/605.1.15 (KHTML, like Gecko) Mobile/15G77 MicroMessenger/6.7.2 NetType/4G Language/zh_HK"
218.26.55.8 - - [08/Oct/2018:15:57:41 +0800] "GET /hotspot-thread?contont2=%E5%8F%8D%E5%8F%8D%E5%A4%8D%E5%A4%8D&h_id=4&con_id=8&_=1538985453303 HTTP/1.1" 200 59 "http://peng.jinxiaofei.xyz/hotspot-view?h_id=4" "Mozilla/5.0 (iPhone; CPU iPhone OS 11_4_1 like Mac OS X) AppleWebKit/605.1.15 (KHTML, like Gecko) Mobile/15G77 MicroMessenger/6.7.2 NetType/4G Language/zh_HK"
218.26.55.8 - - [08/Oct/2018:15:57:41 +0800] "GET /hotspot-thread?contont2=%E5%8F%8D%E5%8F%8D%E5%A4%8D%E5%A4%8D&h_id=4&con_id=8&_=1538985453304 HTTP/1.1" 200 59 "http://peng.jinxiaofei.xyz/hotspot-view?h_id=4" "Mozilla/5.0 (iPhone; CPU iPhone OS 11_4_1 like Mac OS X) AppleWebKit/605.1.15 (KHTML, like Gecko) Mobile/15G77 MicroMessenger/6.7.2 NetType/4G Language/zh_HK"
218.26.55.8 - - [08/Oct/2018:15:57:41 +0800] "GET /hotspot-thread?contont2=%E5%8F%8D%E5%8F%8D%E5%A4%8D%E5%A4%8D&h_id=4&con_id=8&_=1538985453305 HTTP/1.1" 200 59 "http://peng.jinxiaofei.xyz/hotspot-view?h_id=4" "Mozilla/5.0 (iPhone; CPU iPhone OS 11_4_1 like Mac OS X) AppleWebKit/605.1.15 (KHTML, like Gecko) Mobile/15G77 MicroMessenger/6.7.2 NetType/4G Language/zh_HK"
218.26.55.8 - - [08/Oct/2018:15:57:42 +0800] "GET /hotspot-thread?contont2=%E5%8F%8D%E5%8F%8D%E5%A4%8D%E5%A4%8D&h_id=4&con_id=8&_=1538985453306 HTTP/1.1" 200 59 "http://peng.jinxiaofei.xyz/hotspot-view?h_id=4" "Mozilla/5.0 (iPhone; CPU iPhone OS 11_4_1 like Mac OS X) AppleWebKit/605.1.15 (KHTML, like Gecko) Mobile/15G77 MicroMessenger/6.7.2 NetType/4G Language/zh_HK"
218.26.55.8 - - [08/Oct/2018:15:57:42 +0800] "GET /hotspot-thread?contont2=%E5%8F%8D%E5%8F%8D%E5%A4%8D%E5%A4%8D&h_id=4&con_id=8&_=1538985453307 HTTP/1.1" 200 59 "http://peng.jinxiaofei.xyz/hotspot-view?h_id=4" "Mozilla/5.0 (iPhone; CPU iPhone OS 11_4_1 like Mac OS X) AppleWebKit/605.1.15 (KHTML, like Gecko) Mobile/15G77 MicroMessenger/6.7.2 NetType/4G Language/zh_HK"
218.26.55.8 - - [08/Oct/2018:15:57:42 +0800] "GET /hotspot-thread?contont2=%E5%8F%8D%E5%8F%8D%E5%A4%8D%E5%A4%8D&h_id=4&con_id=8&_=1538985453308 HTTP/1.1" 200 59 "http://peng.jinxiaofei.xyz/hotspot-view?h_id=4" "Mozilla/5.0 (iPhone; CPU iPhone OS 11_4_1 like Mac OS X) AppleWebKit/605.1.15 (KHTML, like Gecko) Mobile/15G77 MicroMessenger/6.7.2 NetType/4G Language/zh_HK"
218.26.55.8 - - [08/Oct/2018:15:57:42 +0800] "GET /hotspot-thread?contont2=%E5%8F%8D%E5%8F%8D%E5%A4%8D%E5%A4%8D&h_id=4&con_id=8&_=1538985453309 HTTP/1.1" 200 59 "http://peng.jinxiaofei.xyz/hotspot-view?h_id=4" "Mozilla/5.0 (iPhone; CPU iPhone OS 11_4_1 like Mac OS X) AppleWebKit/605.1.15 (KHTML, like Gecko) Mobile/15G77 MicroMessenger/6.7.2 NetType/4G Language/zh_HK"
218.26.55.8 - - [08/Oct/2018:15:57:42 +0800] "GET /hotspot-thread?contont2=%E5%8F%8D%E5%8F%8D%E5%A4%8D%E5%A4%8D&h_id=4&con_id=8&_=1538985453310 HTTP/1.1" 200 59 "http://peng.jinxiaofei.xyz/hotspot-view?h_id=4" "Mozilla/5.0 (iPhone; CPU iPhone OS 11_4_1 like Mac OS X) AppleWebKit/605.1.15 (KHTML, like Gecko) Mobile/15G77 MicroMessenger/6.7.2 NetType/4G Language/zh_HK"
218.26.55.8 - - [08/Oct/2018:15:57:43 +0800] "GET /hotspot-thread?contont2=%E5%8F%8D%E5%8F%8D%E5%A4%8D%E5%A4%8D&h_id=4&con_id=8&_=1538985453311 HTTP/1.1" 200 59 "http://peng.jinxiaofei.xyz/hotspot-view?h_id=4" "Mozilla/5.0 (iPhone; CPU iPhone OS 11_4_1 like Mac OS X) AppleWebKit/605.1.15 (KHTML, like Gecko) Mobile/15G77 MicroMessenger/6.7.2 NetType/4G Language/zh_HK"
218.26.55.8 - - [08/Oct/2018:15:57:43 +0800] "GET /hotspot-thread?contont2=%E5%8F%8D%E5%8F%8D%E5%A4%8D%E5%A4%8D&h_id=4&con_id=8&_=1538985453312 HTTP/1.1" 200 59 "http://peng.jinxiaofei.xyz/hotspot-view?h_id=4" "Mozilla/5.0 (iPhone; CPU iPhone OS 11_4_1 like Mac OS X) AppleWebKit/605.1.15 (KHTML, like Gecko) Mobile/15G77 MicroMessenger/6.7.2 NetType/4G Language/zh_HK"
218.26.55.8 - - [08/Oct/2018:15:57:43 +0800] "GET /hotspot-thread?contont2=%E5%8F%8D%E5%8F%8D%E5%A4%8D%E5%A4%8D&h_id=4&con_id=8&_=1538985453313 HTTP/1.1" 200 59 "http://peng.jinxiaofei.xyz/hotspot-view?h_id=4" "Mozilla/5.0 (iPhone; CPU iPhone OS 11_4_1 like Mac OS X) AppleWebKit/605.1.15 (KHTML, like Gecko) Mobile/15G77 MicroMessenger/6.7.2 NetType/4G Language/zh_HK"
218.26.55.8 - - [08/Oct/2018:15:57:43 +0800] "GET /hotspot-thread?contont2=%E5%8F%8D%E5%8F%8D%E5%A4%8D%E5%A4%8D&h_id=4&con_id=8&_=1538985453314 HTTP/1.1" 200 59 "http://peng.jinxiaofei.xyz/hotspot-view?h_id=4" "Mozilla/5.0 (iPhone; CPU iPhone OS 11_4_1 like Mac OS X) AppleWebKit/605.1.15 (KHTML, like Gecko) Mobile/15G77 MicroMessenger/6.7.2 NetType/4G Language/zh_HK"
101.226.233.147 - - [08/Oct/2018:15:58:46 +0800] "POST /weixin.php?signature=0092422bcd2fd62da32ad00b0f9b264837cd3465&timestamp=1538985526&nonce=1597656104&openid=owRHY1Xan97Rfve7ZFCzpB1sHcV4 HTTP/1.1" 200 5 "-" "Mozilla/4.0"
218.26.55.8 - - [08/Oct/2018:15:58:46 +0800] "GET /hotspot-list HTTP/1.1" 200 1052 "-" "Mozilla/5.0 (iPhone; CPU iPhone OS 11_4_1 like Mac OS X) AppleWebKit/605.1.15 (KHTML, like Gecko) Mobile/15G77 MicroMessenger/6.7.2 NetType/4G Language/zh_HK"
218.26.55.8 - - [08/Oct/2018:15:58:47 +0800] "GET /hotspot-view?h_id=4 HTTP/1.1" 200 2474 "http://peng.jinxiaofei.xyz/hotspot-list" "Mozilla/5.0 (iPhone; CPU iPhone OS 11_4_1 like Mac OS X) AppleWebKit/605.1.15 (KHTML, like Gecko) Mobile/15G77 MicroMessenger/6.7.2 NetType/4G Language/zh_HK"
218.26.55.8 - - [08/Oct/2018:15:58:52 +0800] "GET /hotspot-thread?contont2=%E5%A4%A7%E5%AE%B6%E6%89%93%E5%AE%B6%E5%8A%AB%E8%88%8D&h_id=4&con_id=8&_=1538985527803 HTTP/1.1" 500 14748 "http://peng.jinxiaofei.xyz/hotspot-view?h_id=4" "Mozilla/5.0 (iPhone; CPU iPhone OS 11_4_1 like Mac OS X) AppleWebKit/605.1.15 (KHTML, like Gecko) Mobile/15G77 MicroMessenger/6.7.2 NetType/4G Language/zh_HK"
114.242.250.61 - - [08/Oct/2018:15:59:06 +0800] "GET /pay-do?money=0.01&q_content=%E7%8A%AF%E6%B3%95%E7%8A%AF%E6%B3%95%E7%8A%AF%E6%B3%95%E7%8A%AF%E6%B3%95%E7%8A%AF%E6%B3%95%E7%8A%AF%E6%B3%95%E7%8A%AF%E6%B3%95%E7%8A%AF%E6%B3%95%E7%8A%AF%E6%B3%95%E7%8A%AF%E6%B3%95%E7%8A%AF%E6%B3%95%E7%8A%AF%E6%B3%95%E7%8A%AF%E6%B3%95%E7%8A%AF%E6%B3%95&openid=owRHY1cti1oJT7ZfEgzXNbTyJPEo HTTP/1.1" 200 81 "-" "Mozilla/5.0 (Windows NT 10.0; Win64; x64) AppleWebKit/537.36 (KHTML, like Gecko) Chrome/67.0.3396.87 Safari/537.36"
114.242.250.61 - - [08/Oct/2018:15:59:06 +0800] "GET /paycode.png HTTP/1.1" 200 696 "http://peng.jinxiaofei.xyz/pay-do?money=0.01&q_content=%E7%8A%AF%E6%B3%95%E7%8A%AF%E6%B3%95%E7%8A%AF%E6%B3%95%E7%8A%AF%E6%B3%95%E7%8A%AF%E6%B3%95%E7%8A%AF%E6%B3%95%E7%8A%AF%E6%B3%95%E7%8A%AF%E6%B3%95%E7%8A%AF%E6%B3%95%E7%8A%AF%E6%B3%95%E7%8A%AF%E6%B3%95%E7%8A%AF%E6%B3%95%E7%8A%AF%E6%B3%95%E7%8A%AF%E6%B3%95&openid=owRHY1cti1oJT7ZfEgzXNbTyJPEo" "Mozilla/5.0 (Windows NT 10.0; Win64; x64) AppleWebKit/537.36 (KHTML, like Gecko) Chrome/67.0.3396.87 Safari/537.36"
114.242.250.61 - - [08/Oct/2018:15:59:37 +0800] "GET /pay-do?money=0.01&q_content=%E7%8A%AF%E6%B3%95%E7%8A%AF%E6%B3%95%E7%8A%AF%E6%B3%95%E7%8A%AF%E6%B3%95%E7%8A%AF%E6%B3%95%E7%8A%AF%E6%B3%95%E7%8A%AF%E6%B3%95%E7%8A%AF%E6%B3%95%E7%8A%AF%E6%B3%95%E7%8A%AF%E6%B3%95%E7%8A%AF%E6%B3%95%E7%8A%AF%E6%B3%95%E7%8A%AF%E6%B3%95%E7%8A%AF%E6%B3%95&openid=owRHY1cti1oJT7ZfEgzXNbTyJPEo HTTP/1.1" 200 81 "-" "Mozilla/5.0 (Windows NT 10.0; Win64; x64) AppleWebKit/537.36 (KHTML, like Gecko) Chrome/67.0.3396.87 Safari/537.36"
114.242.250.61 - - [08/Oct/2018:15:59:37 +0800] "GET /paycode.png HTTP/1.1" 200 708 "http://peng.jinxiaofei.xyz/pay-do?money=0.01&q_content=%E7%8A%AF%E6%B3%95%E7%8A%AF%E6%B3%95%E7%8A%AF%E6%B3%95%E7%8A%AF%E6%B3%95%E7%8A%AF%E6%B3%95%E7%8A%AF%E6%B3%95%E7%8A%AF%E6%B3%95%E7%8A%AF%E6%B3%95%E7%8A%AF%E6%B3%95%E7%8A%AF%E6%B3%95%E7%8A%AF%E6%B3%95%E7%8A%AF%E6%B3%95%E7%8A%AF%E6%B3%95%E7%8A%AF%E6%B3%95&openid=owRHY1cti1oJT7ZfEgzXNbTyJPEo" "Mozilla/5.0 (Windows NT 10.0; Win64; x64) AppleWebKit/537.36 (KHTML, like Gecko) Chrome/67.0.3396.87 Safari/537.36"
114.242.250.61 - - [08/Oct/2018:16:00:13 +0800] "GET /pay-do?money=0.01&q_content=%E7%8A%AF%E6%B3%95%E7%8A%AF%E6%B3%95%E7%8A%AF%E6%B3%95%E7%8A%AF%E6%B3%95%E7%8A%AF%E6%B3%95%E7%8A%AF%E6%B3%95%E7%8A%AF%E6%B3%95%E7%8A%AF%E6%B3%95%E7%8A%AF%E6%B3%95%E7%8A%AF%E6%B3%95%E7%8A%AF%E6%B3%95%E7%8A%AF%E6%B3%95%E7%8A%AF%E6%B3%95%E7%8A%AF%E6%B3%95&openid=owRHY1cti1oJT7ZfEgzXNbTyJPEo HTTP/1.1" 200 81 "-" "Mozilla/5.0 (Windows NT 10.0; Win64; x64) AppleWebKit/537.36 (KHTML, like Gecko) Chrome/67.0.3396.87 Safari/537.36"
114.242.250.61 - - [08/Oct/2018:16:00:14 +0800] "GET /paycode.png HTTP/1.1" 200 699 "http://peng.jinxiaofei.xyz/pay-do?money=0.01&q_content=%E7%8A%AF%E6%B3%95%E7%8A%AF%E6%B3%95%E7%8A%AF%E6%B3%95%E7%8A%AF%E6%B3%95%E7%8A%AF%E6%B3%95%E7%8A%AF%E6%B3%95%E7%8A%AF%E6%B3%95%E7%8A%AF%E6%B3%95%E7%8A%AF%E6%B3%95%E7%8A%AF%E6%B3%95%E7%8A%AF%E6%B3%95%E7%8A%AF%E6%B3%95%E7%8A%AF%E6%B3%95%E7%8A%AF%E6%B3%95&openid=owRHY1cti1oJT7ZfEgzXNbTyJPEo" "Mozilla/5.0 (Windows NT 10.0; Win64; x64) AppleWebKit/537.36 (KHTML, like Gecko) Chrome/67.0.3396.87 Safari/537.36"
101.226.103.62 - - [08/Oct/2018:16:00:26 +0800] "POST /notify HTTP/1.1" 200 107 "-" "Mozilla/4.0"
114.242.250.61 - - [08/Oct/2018:16:01:03 +0800] "GET /refund?q_id=10&u_id=3 HTTP/1.1" 500 619143 "-" "Mozilla/5.0 (Windows NT 10.0; Win64; x64) AppleWebKit/537.36 (KHTML, like Gecko) Chrome/67.0.3396.87 Safari/537.36"
114.242.250.61 - - [08/Oct/2018:16:01:56 +0800] "GET /refund?q_id=10&u_id=3 HTTP/1.1" 500 619482 "-" "Mozilla/5.0 (Windows NT 10.0; Win64; x64) AppleWebKit/537.36 (KHTML, like Gecko) Chrome/67.0.3396.87 Safari/537.36"
114.242.250.61 - - [08/Oct/2018:16:02:26 +0800] "GET /refund?q_id=10&u_id=3 HTTP/1.1" 200 5422 "-" "Mozilla/5.0 (Windows NT 10.0; Win64; x64) AppleWebKit/537.36 (KHTML, like Gecko) Chrome/67.0.3396.87 Safari/537.36"
114.242.250.61 - - [08/Oct/2018:16:02:52 +0800] "GET /refund?q_id=10&u_id=3 HTTP/1.1" 200 44 "-" "Mozilla/5.0 (Windows NT 10.0; Win64; x64) AppleWebKit/537.36 (KHTML, like Gecko) Chrome/67.0.3396.87 Safari/537.36"
101.226.233.149 - - [08/Oct/2018:16:03:29 +0800] "POST /weixin.php?signature=b9e9c53d05d79c68cc6653d5246bedb2006465b7&timestamp=1538985809&nonce=1309258054&openid=owRHY1cti1oJT7ZfEgzXNbTyJPEo HTTP/1.1" 200 5 "-" "Mozilla/4.0"
114.242.250.61 - - [08/Oct/2018:16:03:30 +0800] "GET /self HTTP/1.1" 200 1225 "-" "Mozilla/5.0 (iPhone; CPU iPhone OS 12_0 like Mac OS X) AppleWebKit/605.1.15 (KHTML, like Gecko) Mobile/16A366 MicroMessenger/6.7.3(0x16070321) NetType/4G Language/zh_CN"
114.242.250.61 - - [08/Oct/2018:16:03:33 +0800] "GET /forward HTTP/1.1" 200 807 "http://peng.jinxiaofei.xyz/self" "Mozilla/5.0 (iPhone; CPU iPhone OS 12_0 like Mac OS X) AppleWebKit/605.1.15 (KHTML, like Gecko) Mobile/16A366 MicroMessenger/6.7.3(0x16070321) NetType/4G Language/zh_CN"
114.242.250.61 - - [08/Oct/2018:16:03:38 +0800] "GET /wechat?money=0.01 HTTP/1.1" 200 31 "http://peng.jinxiaofei.xyz/forward" "Mozilla/5.0 (iPhone; CPU iPhone OS 12_0 like Mac OS X) AppleWebKit/605.1.15 (KHTML, like Gecko) Mobile/16A366 MicroMessenger/6.7.3(0x16070321) NetType/4G Language/zh_CN"
61.151.179.84 - - [08/Oct/2018:16:04:38 +0800] "GET /wechat?money=0.01 HTTP/1.1" 500 513146 "-" "Mozilla/5.0 (Linux; Android 4.4.4; Coolpad Y82-520 Build/KTU84P) AppleWebKit/537.36 (KHTML, like Gecko) Version/4.0 Chrome/33.0.0.0 Mobile Safari/537.36 MicroMessenger/6.5.4.1000 NetType/4G Language/zh_CN"
101.226.103.62 - - [08/Oct/2018:16:22:04 +0800] "POST /notify HTTP/1.1" 500 590779 "-" "Mozilla/4.0"
