106.121.59.152 - - [08/Oct/2018:09:49:35 +0800] "GET / HTTP/1.1" 200 821 "-" "Mozilla/5.0 (Windows NT 10.0; Win64; x64) AppleWebKit/537.36 (KHTML, like Gecko) Chrome/67.0.3396.87 Safari/537.36"
106.121.59.152 - - [08/Oct/2018:09:49:43 +0800] "GET /get-token HTTP/1.1" 200 31 "-" "Mozilla/5.0 (Windows NT 10.0; Win64; x64) AppleWebKit/537.36 (KHTML, like Gecko) Chrome/67.0.3396.87 Safari/537.36"
106.121.59.152 - - [08/Oct/2018:09:52:19 +0800] "GET /create-menu HTTP/1.1" 200 55 "-" "Mozilla/5.0 (Windows NT 10.0; Win64; x64) AppleWebKit/537.36 (KHTML, like Gecko) Chrome/67.0.3396.87 Safari/537.36"
124.64.17.34 - - [08/Oct/2018:09:52:31 +0800] "GET /hotspot-list HTTP/1.1" 302 5 "-" "Mozilla/5.0 (iPhone; CPU iPhone OS 12_0 like Mac OS X) AppleWebKit/605.1.15 (KHTML, like Gecko) Mobile/16A366 MicroMessenger/6.7.3(0x16070321) NetType/4G Language/zh_CN"
124.64.17.34 - - [08/Oct/2018:09:53:27 +0800] "GET /hotspot-list HTTP/1.1" 302 5 "-" "Mozilla/5.0 (iPhone; CPU iPhone OS 12_0 like Mac OS X) AppleWebKit/605.1.15 (KHTML, like Gecko) Mobile/16A366 MicroMessenger/6.7.3(0x16070321) NetType/4G Language/zh_CN"
61.151.178.163 - - [08/Oct/2018:09:53:30 +0800] "GET /hotspot-list HTTP/1.1" 302 5 "-" "Mozilla/5.0 (Linux; Android 6.0.1; OPPO R9s Build/MMB29M) AppleWebKit/537.36 (KHTML, like Gecko) Version/4.0 Chrome/37.0.0.0 Mobile MQQBrowser/6.9 TBS/036906 Safari/537.36 MicroMessenger/6.5.4.1000 NetType/4G Language/zh_CN"
61.151.178.164 - - [08/Oct/2018:09:53:32 +0800] "GET /hotspot-list HTTP/1.1" 302 5 "" "Mozilla/5.0 (iPhone; CPU iPhone OS 8_4 like Mac OS X) AppleWebKit/600.1.4 (KHTML, like Gecko) Version/8.0 Mobile/12H143 Safari/600.1.4"
124.64.17.34 - - [08/Oct/2018:09:54:06 +0800] "GET /find-lawyer HTTP/1.1" 302 5 "-" "Mozilla/5.0 (iPhone; CPU iPhone OS 12_0 like Mac OS X) AppleWebKit/605.1.15 (KHTML, like Gecko) Mobile/16A366 MicroMessenger/6.7.3(0x16070321) NetType/4G Language/zh_CN"
124.64.17.34 - - [08/Oct/2018:09:54:09 +0800] "GET /self HTTP/1.1" 302 5 "-" "Mozilla/5.0 (iPhone; CPU iPhone OS 12_0 like Mac OS X) AppleWebKit/605.1.15 (KHTML, like Gecko) Mobile/16A366 MicroMessenger/6.7.3(0x16070321) NetType/4G Language/zh_CN"
106.121.59.152 - - [08/Oct/2018:09:54:24 +0800] "GET /create-menu HTTP/1.1" 200 55 "-" "Mozilla/5.0 (Windows NT 10.0; Win64; x64) AppleWebKit/537.36 (KHTML, like Gecko) Chrome/67.0.3396.87 Safari/537.36"
106.121.59.152 - - [08/Oct/2018:09:54:27 +0800] "GET /create-menu HTTP/1.1" 200 55 "-" "Mozilla/5.0 (Windows NT 10.0; Win64; x64) AppleWebKit/537.36 (KHTML, like Gecko) Chrome/67.0.3396.87 Safari/537.36"
61.151.178.163 - - [08/Oct/2018:09:55:05 +0800] "GET /find-lawyer HTTP/1.1" 302 5 "-" "Mozilla/5.0 (iPhone; CPU iPhone OS 10_2_1 like Mac OS X) AppleWebKit/602.4.6 (KHTML, like Gecko) Mobile/14D27 MicroMessenger/6.5.5 NetType/WIFI Language/zh_CN"
101.91.60.104 - - [08/Oct/2018:09:55:06 +0800] "GET /find-lawyer HTTP/1.1" 302 5 "" "Mozilla/5.0 (Linux; U; Android 4.4.4; zh-cn; MX4 Pro Build/KTU84P) AppleWebKit/534.30 (KHTML, like Gecko) Version/4.0 Mobile Safari/534.30"
61.151.178.165 - - [08/Oct/2018:09:55:08 +0800] "GET /self HTTP/1.1" 302 5 "-" "Mozilla/5.0 (Linux; Android 4.4.4; HUAWEI ALE-CL00 Build/HuaweiALE-CL00; wv) AppleWebKit/537.36 (KHTML, like Gecko) Version/4.0 Chrome/53.0.2785.49 Mobile MQQBrowser/6.2 TBS/043024 Safari/537.36 MicroMessenger/6.5.4.1000 NetType/4G Language/zh_CN"
61.151.178.165 - - [08/Oct/2018:09:55:09 +0800] "GET /self HTTP/1.1" 302 5 "" "Mozilla/5.0 (iPhone; CPU iPhone OS 8_4 like Mac OS X) AppleWebKit/600.1.4 (KHTML, like Gecko) Version/8.0 Mobile/12H143 Safari/600.1.4"
124.64.17.34 - - [08/Oct/2018:09:55:17 +0800] "GET /self HTTP/1.1" 302 5 "-" "Mozilla/5.0 (iPhone; CPU iPhone OS 12_0 like Mac OS X) AppleWebKit/605.1.15 (KHTML, like Gecko) Mobile/16A366 MicroMessenger/6.7.3(0x16070321) NetType/4G Language/zh_CN"
106.121.59.152 - - [08/Oct/2018:09:55:57 +0800] "GET /weixin.php HTTP/1.1" 200 31 "-" "Mozilla/5.0 (Windows NT 10.0; Win64; x64) AppleWebKit/537.36 (KHTML, like Gecko) Chrome/67.0.3396.87 Safari/537.36"
101.226.233.157 - - [08/Oct/2018:09:56:29 +0800] "GET /weixin.php?signature=cb46873d3e94d724719d382c74075fa0bebed859&echostr=7152398216858419183&timestamp=1538963789&nonce=1582412623 HTTP/1.0" 200 19 "-" "Mozilla/4.0"
106.121.59.152 - - [08/Oct/2018:09:56:54 +0800] "GET /create-menu HTTP/1.1" 200 55 "-" "Mozilla/5.0 (Windows NT 10.0; Win64; x64) AppleWebKit/537.36 (KHTML, like Gecko) Chrome/67.0.3396.87 Safari/537.36"
101.226.233.144 - - [08/Oct/2018:09:56:58 +0800] "POST /weixin.php?signature=41d29396e5cc4b7f7efc08e7dc4c644d555157f3&timestamp=1538963818&nonce=1470229482&openid=owRHY1cti1oJT7ZfEgzXNbTyJPEo HTTP/1.1" 200 5 "-" "Mozilla/4.0"
124.64.17.34 - - [08/Oct/2018:09:56:58 +0800] "GET /self HTTP/1.1" 302 5 "-" "Mozilla/5.0 (iPhone; CPU iPhone OS 12_0 like Mac OS X) AppleWebKit/605.1.15 (KHTML, like Gecko) Mobile/16A366 MicroMessenger/6.7.3(0x16070321) NetType/4G Language/zh_CN"
101.226.233.155 - - [08/Oct/2018:09:57:08 +0800] "POST /weixin.php?signature=cfd75b11e95eeeb24e4e0931f80527e5ae56c269&timestamp=1538963828&nonce=1306720732&openid=owRHY1cti1oJT7ZfEgzXNbTyJPEo HTTP/1.1" 200 5 "-" "Mozilla/4.0"
124.64.17.34 - - [08/Oct/2018:09:57:08 +0800] "GET /question-list HTTP/1.1" 200 702 "-" "Mozilla/5.0 (iPhone; CPU iPhone OS 12_0 like Mac OS X) AppleWebKit/605.1.15 (KHTML, like Gecko) Mobile/16A366 MicroMessenger/6.7.3(0x16070321) NetType/4G Language/zh_CN"
124.64.17.34 - - [08/Oct/2018:09:57:08 +0800] "GET /lib/layui/css/layui.css HTTP/1.1" 200 13492 "http://peng.jinxiaofei.xyz/question-list" "Mozilla/5.0 (iPhone; CPU iPhone OS 12_0 like Mac OS X) AppleWebKit/605.1.15 (KHTML, like Gecko) Mobile/16A366 MicroMessenger/6.7.3(0x16070321) NetType/4G Language/zh_CN"
101.226.233.149 - - [08/Oct/2018:09:57:12 +0800] "POST /weixin.php?signature=13a9b45e3abb8aa90fa18902c1aede2e11026d54&timestamp=1538963832&nonce=1072134245&openid=owRHY1cti1oJT7ZfEgzXNbTyJPEo HTTP/1.1" 200 5 "-" "Mozilla/4.0"
124.64.17.34 - - [08/Oct/2018:09:57:12 +0800] "GET /self HTTP/1.1" 302 5 "-" "Mozilla/5.0 (iPhone; CPU iPhone OS 12_0 like Mac OS X) AppleWebKit/605.1.15 (KHTML, like Gecko) Mobile/16A366 MicroMessenger/6.7.3(0x16070321) NetType/4G Language/zh_CN"
101.226.233.149 - - [08/Oct/2018:09:57:17 +0800] "POST /weixin.php?signature=c24192502617896c3aa24c28b0b8072bc7a4b49d&timestamp=1538963837&nonce=1752534387&openid=owRHY1cti1oJT7ZfEgzXNbTyJPEo HTTP/1.1" 200 5 "-" "Mozilla/4.0"
124.64.17.34 - - [08/Oct/2018:09:57:18 +0800] "GET /hotspot-list HTTP/1.1" 302 5 "-" "Mozilla/5.0 (iPhone; CPU iPhone OS 12_0 like Mac OS X) AppleWebKit/605.1.15 (KHTML, like Gecko) Mobile/16A366 MicroMessenger/6.7.3(0x16070321) NetType/4G Language/zh_CN"
101.226.233.154 - - [08/Oct/2018:09:57:30 +0800] "POST /weixin.php?signature=b96ba3a8f4ba79e0b2516985c50af4ce628e34f8&timestamp=1538963849&nonce=1301147996&openid=owRHY1cti1oJT7ZfEgzXNbTyJPEo HTTP/1.1" 200 5 "-" "Mozilla/4.0"
124.64.17.34 - - [08/Oct/2018:09:57:30 +0800] "GET /question-list HTTP/1.1" 200 702 "-" "Mozilla/5.0 (iPhone; CPU iPhone OS 12_0 like Mac OS X) AppleWebKit/605.1.15 (KHTML, like Gecko) Mobile/16A366 MicroMessenger/6.7.3(0x16070321) NetType/4G Language/zh_CN"
101.226.233.139 - - [08/Oct/2018:09:57:33 +0800] "POST /weixin.php?signature=2328131910cd171e6e2514c472ce617797815b9c&timestamp=1538963853&nonce=1773234980&openid=owRHY1cti1oJT7ZfEgzXNbTyJPEo HTTP/1.1" 200 5 "-" "Mozilla/4.0"
124.64.17.34 - - [08/Oct/2018:09:57:34 +0800] "GET /knowledge-list HTTP/1.1" 302 5 "-" "Mozilla/5.0 (iPhone; CPU iPhone OS 12_0 like Mac OS X) AppleWebKit/605.1.15 (KHTML, like Gecko) Mobile/16A366 MicroMessenger/6.7.3(0x16070321) NetType/4G Language/zh_CN"
101.226.233.144 - - [08/Oct/2018:09:57:36 +0800] "POST /weixin.php?signature=54f77dd6808a9622cbdd98683490afec2b1fba14&timestamp=1538963856&nonce=239818679&openid=owRHY1cti1oJT7ZfEgzXNbTyJPEo HTTP/1.1" 200 5 "-" "Mozilla/4.0"
124.64.17.34 - - [08/Oct/2018:09:57:36 +0800] "GET /find-lawyer HTTP/1.1" 302 5 "-" "Mozilla/5.0 (iPhone; CPU iPhone OS 12_0 like Mac OS X) AppleWebKit/605.1.15 (KHTML, like Gecko) Mobile/16A366 MicroMessenger/6.7.3(0x16070321) NetType/4G Language/zh_CN"
101.226.233.149 - - [08/Oct/2018:09:57:39 +0800] "POST /weixin.php?signature=7be1eec3ea093b67749b25b459b58706ec58603b&timestamp=1538963859&nonce=1987820490&openid=owRHY1cti1oJT7ZfEgzXNbTyJPEo HTTP/1.1" 200 5 "-" "Mozilla/4.0"
124.64.17.34 - - [08/Oct/2018:09:57:39 +0800] "GET /question-list HTTP/1.1" 200 702 "-" "Mozilla/5.0 (iPhone; CPU iPhone OS 12_0 like Mac OS X) AppleWebKit/605.1.15 (KHTML, like Gecko) Mobile/16A366 MicroMessenger/6.7.3(0x16070321) NetType/4G Language/zh_CN"
124.64.17.34 - - [08/Oct/2018:09:57:41 +0800] "GET /question-view?q_id=2 HTTP/1.1" 200 2004 "http://peng.jinxiaofei.xyz/question-list" "Mozilla/5.0 (iPhone; CPU iPhone OS 12_0 like Mac OS X) AppleWebKit/605.1.15 (KHTML, like Gecko) Mobile/16A366 MicroMessenger/6.7.3(0x16070321) NetType/4G Language/zh_CN"
101.226.233.149 - - [08/Oct/2018:09:57:47 +0800] "POST /weixin.php?signature=36f26fff946bb26cf88bb5f0a73e1d29b5ae164a&timestamp=1538963867&nonce=631079071&openid=owRHY1cti1oJT7ZfEgzXNbTyJPEo HTTP/1.1" 200 5 "-" "Mozilla/4.0"
124.64.17.34 - - [08/Oct/2018:09:57:47 +0800] "GET /hotspot-list HTTP/1.1" 302 5 "-" "Mozilla/5.0 (iPhone; CPU iPhone OS 12_0 like Mac OS X) AppleWebKit/605.1.15 (KHTML, like Gecko) Mobile/16A366 MicroMessenger/6.7.3(0x16070321) NetType/4G Language/zh_CN"
101.226.233.139 - - [08/Oct/2018:09:58:03 +0800] "POST /weixin.php?signature=eb28a70c14684965ae30bb529c68c19de02d5cee&timestamp=1538963883&nonce=1089661050&openid=owRHY1cti1oJT7ZfEgzXNbTyJPEo HTTP/1.1" 200 5 "-" "Mozilla/4.0"
124.64.17.34 - - [08/Oct/2018:09:58:04 +0800] "GET /question-list HTTP/1.1" 200 702 "-" "Mozilla/5.0 (iPhone; CPU iPhone OS 12_0 like Mac OS X) AppleWebKit/605.1.15 (KHTML, like Gecko) Mobile/16A366 MicroMessenger/6.7.3(0x16070321) NetType/4G Language/zh_CN"
61.151.178.236 - - [08/Oct/2018:09:58:08 +0800] "GET /question-list HTTP/1.1" 200 2221 "-" "Mozilla/5.0 (Windows NT 6.1; WOW64) AppleWebKit/537.36 (KHTML, like Gecko) Chrome/39.0.2171.95 Safari/537.36 MicroMessenger/6.5.2.501 NetType/WIFI WindowsWechat QBCore/3.43.27.400 QQBrowser/9.0.2524.400"
61.129.6.203 - - [08/Oct/2018:09:58:10 +0800] "GET /question-list HTTP/1.1" 200 702 "" "Mozilla/5.0 (Linux; U; Android 4.4.4; zh-cn; MX4 Pro Build/KTU84P) AppleWebKit/534.30 (KHTML, like Gecko) Version/4.0 Mobile Safari/534.30"
61.129.6.203 - - [08/Oct/2018:09:58:10 +0800] "GET /lib/layui/css/layui.css HTTP/1.1" 200 13492 "http://peng.jinxiaofei.xyz/question-list" "Mozilla/5.0 (Linux; U; Android 4.4.4; zh-cn; MX4 Pro Build/KTU84P) AppleWebKit/534.30 (KHTML, like Gecko) Version/4.0 Mobile Safari/534.30"
58.247.206.149 - - [08/Oct/2018:09:58:33 +0800] "GET /knowledge-list HTTP/1.1" 302 5 "-" "Mozilla/5.0 (iPhone; CPU iPhone OS 10_2_1 like Mac OS X) AppleWebKit/602.4.6 (KHTML, like Gecko) Mobile/14D27 MicroMessenger/6.5.5 NetType/WIFI Language/zh_CN"
61.129.6.225 - - [08/Oct/2018:09:58:35 +0800] "GET /knowledge-list HTTP/1.1" 302 5 "" "Mozilla/5.0 (iPhone; CPU iPhone OS 8_4 like Mac OS X) AppleWebKit/600.1.4 (KHTML, like Gecko) Version/8.0 Mobile/12H143 Safari/600.1.4"
61.151.207.186 - - [08/Oct/2018:09:58:41 +0800] "GET /question-view?q_id=2 HTTP/1.1" 200 6544 "-" "Mozilla/5.0 (Linux; Android 6.0.1; OPPO R9s Build/MMB29M) AppleWebKit/537.36 (KHTML, like Gecko) Version/4.0 Chrome/37.0.0.0 Mobile MQQBrowser/6.9 TBS/036906 Safari/537.36 MicroMessenger/6.5.4.1000 NetType/4G Language/zh_CN"
61.129.6.151 - - [08/Oct/2018:09:58:43 +0800] "GET /question-view?q_id=2 HTTP/1.1" 200 2004 "" "Mozilla/5.0 (Linux; U; Android 4.4.4; zh-cn; MX4 Pro Build/KTU84P) AppleWebKit/534.30 (KHTML, like Gecko) Version/4.0 Mobile Safari/534.30"
61.129.6.151 - - [08/Oct/2018:09:58:43 +0800] "GET /lib/layui/css/layui.css HTTP/1.1" 200 13492 "http://peng.jinxiaofei.xyz/question-view?q_id=2" "Mozilla/5.0 (Linux; U; Android 4.4.4; zh-cn; MX4 Pro Build/KTU84P) AppleWebKit/534.30 (KHTML, like Gecko) Version/4.0 Mobile Safari/534.30"
106.121.59.152 - - [08/Oct/2018:09:59:24 +0800] "GET /create-menu HTTP/1.1" 200 55 "-" "Mozilla/5.0 (Windows NT 10.0; Win64; x64) AppleWebKit/537.36 (KHTML, like Gecko) Chrome/67.0.3396.87 Safari/537.36"
101.226.233.149 - - [08/Oct/2018:09:59:38 +0800] "POST /weixin.php?signature=85d523f2e5198301898cf3f705cee02d72ae823f&timestamp=1538963978&nonce=501486241&openid=owRHY1cti1oJT7ZfEgzXNbTyJPEo HTTP/1.1" 200 5 "-" "Mozilla/4.0"
124.64.17.34 - - [08/Oct/2018:09:59:38 +0800] "GET /knowledge-list HTTP/1.1" 302 5 "-" "Mozilla/5.0 (iPhone; CPU iPhone OS 12_0 like Mac OS X) AppleWebKit/605.1.15 (KHTML, like Gecko) Mobile/16A366 MicroMessenger/6.7.3(0x16070321) NetType/4G Language/zh_CN"
101.226.233.144 - - [08/Oct/2018:09:59:43 +0800] "POST /weixin.php?signature=1f33a9a3e74720a6dbc60d4042716be8d3e9fbe8&timestamp=1538963983&nonce=680291065&openid=owRHY1cti1oJT7ZfEgzXNbTyJPEo HTTP/1.1" 200 5 "-" "Mozilla/4.0"
124.64.17.34 - - [08/Oct/2018:09:59:43 +0800] "GET /self HTTP/1.1" 302 5 "-" "Mozilla/5.0 (iPhone; CPU iPhone OS 12_0 like Mac OS X) AppleWebKit/605.1.15 (KHTML, like Gecko) Mobile/16A366 MicroMessenger/6.7.3(0x16070321) NetType/4G Language/zh_CN"
101.226.233.149 - - [08/Oct/2018:09:59:46 +0800] "POST /weixin.php?signature=9e9af8bbac430dbde2ec8af7762436cad095f75a&timestamp=1538963985&nonce=1386999906&openid=owRHY1cti1oJT7ZfEgzXNbTyJPEo HTTP/1.1" 200 5 "-" "Mozilla/4.0"
124.64.17.34 - - [08/Oct/2018:09:59:46 +0800] "GET /question-list HTTP/1.1" 200 702 "-" "Mozilla/5.0 (iPhone; CPU iPhone OS 12_0 like Mac OS X) AppleWebKit/605.1.15 (KHTML, like Gecko) Mobile/16A366 MicroMessenger/6.7.3(0x16070321) NetType/4G Language/zh_CN"
101.226.233.144 - - [08/Oct/2018:10:00:03 +0800] "POST /weixin.php?signature=a201ed58d5ae49db942f937877751a0e438772ae&timestamp=1538964003&nonce=162143833&openid=owRHY1cti1oJT7ZfEgzXNbTyJPEo HTTP/1.1" 200 5 "-" "Mozilla/4.0"
124.64.17.34 - - [08/Oct/2018:10:00:04 +0800] "GET /question-list HTTP/1.1" 200 702 "-" "Mozilla/5.0 (iPhone; CPU iPhone OS 12_0 like Mac OS X) AppleWebKit/605.1.15 (KHTML, like Gecko) Mobile/16A366 MicroMessenger/6.7.3(0x16070321) NetType/4G Language/zh_CN"
101.226.233.144 - - [08/Oct/2018:10:00:05 +0800] "POST /weixin.php?signature=88054261f7f30036362dc4aad76c7893a2c06b88&timestamp=1538964005&nonce=663249382&openid=owRHY1cti1oJT7ZfEgzXNbTyJPEo HTTP/1.1" 200 5 "-" "Mozilla/4.0"
124.64.17.34 - - [08/Oct/2018:10:00:05 +0800] "GET /hotspot-list HTTP/1.1" 302 5 "-" "Mozilla/5.0 (iPhone; CPU iPhone OS 12_0 like Mac OS X) AppleWebKit/605.1.15 (KHTML, like Gecko) Mobile/16A366 MicroMessenger/6.7.3(0x16070321) NetType/4G Language/zh_CN"
101.226.233.154 - - [08/Oct/2018:10:42:23 +0800] "POST /weixin.php?signature=a71efd9368fec9945c34fd180d33f381f78ac0f5&timestamp=1538966543&nonce=1997599002&openid=owRHY1cti1oJT7ZfEgzXNbTyJPEo HTTP/1.1" 200 5 "-" "Mozilla/4.0"
124.64.17.34 - - [08/Oct/2018:10:42:23 +0800] "GET /hotspot-list HTTP/1.1" 302 5 "-" "Mozilla/5.0 (iPhone; CPU iPhone OS 12_0 like Mac OS X) AppleWebKit/605.1.15 (KHTML, like Gecko) Mobile/16A366 MicroMessenger/6.7.3(0x16070321) NetType/4G Language/zh_CN"
101.226.233.144 - - [08/Oct/2018:10:42:25 +0800] "POST /weixin.php?signature=ed5f066877f0037ccf7eb22321e022efab42ea09&timestamp=1538966545&nonce=674307170&openid=owRHY1cti1oJT7ZfEgzXNbTyJPEo HTTP/1.1" 200 5 "-" "Mozilla/4.0"
124.64.17.34 - - [08/Oct/2018:10:42:25 +0800] "GET /hotspot-list HTTP/1.1" 302 5 "-" "Mozilla/5.0 (iPhone; CPU iPhone OS 12_0 like Mac OS X) AppleWebKit/605.1.15 (KHTML, like Gecko) Mobile/16A366 MicroMessenger/6.7.3(0x16070321) NetType/4G Language/zh_CN"
101.226.233.149 - - [08/Oct/2018:10:42:30 +0800] "POST /weixin.php?signature=3dd809f3c7a532c440760ed0e33a0f7a11f0ccbe&timestamp=1538966550&nonce=353440306&openid=owRHY1cti1oJT7ZfEgzXNbTyJPEo HTTP/1.1" 200 5 "-" "Mozilla/4.0"
124.64.17.34 - - [08/Oct/2018:10:42:30 +0800] "GET /hotspot-list HTTP/1.1" 302 5 "-" "Mozilla/5.0 (iPhone; CPU iPhone OS 12_0 like Mac OS X) AppleWebKit/605.1.15 (KHTML, like Gecko) Mobile/16A366 MicroMessenger/6.7.3(0x16070321) NetType/4G Language/zh_CN"
101.226.233.142 - - [08/Oct/2018:10:42:37 +0800] "POST /weixin.php?signature=905c152bd42a585df47bf3a6977ed0827cd349fd&timestamp=1538966557&nonce=553458682&openid=owRHY1cti1oJT7ZfEgzXNbTyJPEo HTTP/1.1" 200 5 "-" "Mozilla/4.0"
124.64.17.34 - - [08/Oct/2018:10:42:37 +0800] "GET /question-list HTTP/1.1" 200 702 "-" "Mozilla/5.0 (iPhone; CPU iPhone OS 12_0 like Mac OS X) AppleWebKit/605.1.15 (KHTML, like Gecko) Mobile/16A366 MicroMessenger/6.7.3(0x16070321) NetType/4G Language/zh_CN"
101.226.233.154 - - [08/Oct/2018:10:42:43 +0800] "POST /weixin.php?signature=7c37d1fa7f611ede89f5987304ab5a45470f8ab5&timestamp=1538966563&nonce=410767998&openid=owRHY1cti1oJT7ZfEgzXNbTyJPEo HTTP/1.1" 200 5 "-" "Mozilla/4.0"
124.64.17.34 - - [08/Oct/2018:10:42:44 +0800] "GET /question-list HTTP/1.1" 200 702 "-" "Mozilla/5.0 (iPhone; CPU iPhone OS 12_0 like Mac OS X) AppleWebKit/605.1.15 (KHTML, like Gecko) Mobile/16A366 MicroMessenger/6.7.3(0x16070321) NetType/4G Language/zh_CN"
101.226.233.153 - - [08/Oct/2018:10:43:19 +0800] "POST /weixin.php?signature=562bb96f729f3a60f7f6ac1bbc8cce6164718d18&timestamp=1538966598&nonce=1563911745&openid=owRHY1ZquVjH86tjNF4X00BmmzUI HTTP/1.1" 200 5 "-" "Mozilla/4.0"
123.151.77.72 - - [08/Oct/2018:10:43:19 +0800] "GET /self HTTP/1.1" 302 5 "-" "Mozilla/5.0 (Linux; Android 8.0; VKY-AL00 Build/HUAWEIVKY-AL00; wv) AppleWebKit/537.36 (KHTML, like Gecko) Version/4.0 Chrome/57.0.2987.132 MQQBrowser/6.2 TBS/044304 Mobile Safari/537.36 MicroMessenger/6.7.3.1360(0x26070333) NetType/4G Language/zh_CN Process/tools"
101.226.233.144 - - [08/Oct/2018:10:46:49 +0800] "POST /weixin.php?signature=38b13cef7ed11e1fa441c1eaf1af8a899ed1601e&timestamp=1538966809&nonce=635595757&openid=owRHY1cti1oJT7ZfEgzXNbTyJPEo HTTP/1.1" 200 5 "-" "Mozilla/4.0"
124.64.17.34 - - [08/Oct/2018:10:46:49 +0800] "GET /self HTTP/1.1" 302 5 "-" "Mozilla/5.0 (iPhone; CPU iPhone OS 12_0 like Mac OS X) AppleWebKit/605.1.15 (KHTML, like Gecko) Mobile/16A366 MicroMessenger/6.7.3(0x16070321) NetType/4G Language/zh_CN"
101.226.233.157 - - [08/Oct/2018:10:48:50 +0800] "POST /weixin.php?signature=1d0957cbe0b6df85bf6b554329f847f63a4f73e2&timestamp=1538966930&nonce=1511596479&openid=owRHY1cti1oJT7ZfEgzXNbTyJPEo HTTP/1.1" 200 5 "-" "Mozilla/4.0"
124.64.17.34 - - [08/Oct/2018:10:48:50 +0800] "GET /hotspot-list HTTP/1.1" 302 5 "-" "Mozilla/5.0 (iPhone; CPU iPhone OS 12_0 like Mac OS X) AppleWebKit/605.1.15 (KHTML, like Gecko) Mobile/16A366 MicroMessenger/6.7.3(0x16070321) NetType/4G Language/zh_CN"
101.226.233.139 - - [08/Oct/2018:10:49:32 +0800] "POST /weixin.php?signature=cbe631d7ea0b371ec438e101e65641e8d2e563bd&timestamp=1538966972&nonce=1340077634&openid=owRHY1cti1oJT7ZfEgzXNbTyJPEo HTTP/1.1" 200 5 "-" "Mozilla/4.0"
124.64.17.34 - - [08/Oct/2018:10:49:32 +0800] "GET /hotspot-list HTTP/1.1" 302 5 "-" "Mozilla/5.0 (iPhone; CPU iPhone OS 12_0 like Mac OS X) AppleWebKit/605.1.15 (KHTML, like Gecko) Mobile/16A366 MicroMessenger/6.7.3(0x16070321) NetType/4G Language/zh_CN"
101.226.233.139 - - [08/Oct/2018:10:49:56 +0800] "POST /weixin.php?signature=41ba669c5227bf788d03954cccb50bf98e41c348&timestamp=1538966996&nonce=453147804&openid=owRHY1cti1oJT7ZfEgzXNbTyJPEo HTTP/1.1" 200 5 "-" "Mozilla/4.0"
124.64.17.34 - - [08/Oct/2018:10:49:56 +0800] "GET /hotspot-list HTTP/1.1" 302 5 "-" "Mozilla/5.0 (iPhone; CPU iPhone OS 12_0 like Mac OS X) AppleWebKit/605.1.15 (KHTML, like Gecko) Mobile/16A366 MicroMessenger/6.7.3(0x16070321) NetType/4G Language/zh_CN"
124.64.17.34 - - [08/Oct/2018:10:49:57 +0800] "GET /weixin-auth?response_type=code&code=001gqn3b2Y6HpP01E65b2yEK3b2gqn3h&state=http%3A%2F%2Fpeng.jinxiaofei.xyz%2Fhotspot-list HTTP/1.1" 200 31 "-" "Mozilla/5.0 (iPhone; CPU iPhone OS 12_0 like Mac OS X) AppleWebKit/605.1.15 (KHTML, like Gecko) Mobile/16A366 MicroMessenger/6.7.3(0x16070321) NetType/4G Language/zh_CN"
101.226.233.139 - - [08/Oct/2018:10:50:02 +0800] "POST /weixin.php?signature=4d1b194f882553710ef34a1d3c66fdf139e6c126&timestamp=1538967002&nonce=1220830306&openid=owRHY1cti1oJT7ZfEgzXNbTyJPEo HTTP/1.1" 200 5 "-" "Mozilla/4.0"
124.64.17.34 - - [08/Oct/2018:10:50:03 +0800] "GET /hotspot-list HTTP/1.1" 200 1053 "-" "Mozilla/5.0 (iPhone; CPU iPhone OS 12_0 like Mac OS X) AppleWebKit/605.1.15 (KHTML, like Gecko) Mobile/16A366 MicroMessenger/6.7.3(0x16070321) NetType/4G Language/zh_CN"
124.64.17.34 - - [08/Oct/2018:10:50:03 +0800] "GET /css/law_touch.css HTTP/1.1" 200 30101 "http://peng.jinxiaofei.xyz/hotspot-list" "Mozilla/5.0 (iPhone; CPU iPhone OS 12_0 like Mac OS X) AppleWebKit/605.1.15 (KHTML, like Gecko) Mobile/16A366 MicroMessenger/6.7.3(0x16070321) NetType/4G Language/zh_CN"
124.64.17.34 - - [08/Oct/2018:10:50:03 +0800] "GET /css/mobi.min.js HTTP/1.1" 200 7724 "http://peng.jinxiaofei.xyz/hotspot-list" "Mozilla/5.0 (iPhone; CPU iPhone OS 12_0 like Mac OS X) AppleWebKit/605.1.15 (KHTML, like Gecko) Mobile/16A366 MicroMessenger/6.7.3(0x16070321) NetType/4G Language/zh_CN"
124.64.17.34 - - [08/Oct/2018:10:50:05 +0800] "GET /hotspot-view?h_id=4 HTTP/1.1" 200 2336 "http://peng.jinxiaofei.xyz/hotspot-list" "Mozilla/5.0 (iPhone; CPU iPhone OS 12_0 like Mac OS X) AppleWebKit/605.1.15 (KHTML, like Gecko) Mobile/16A366 MicroMessenger/6.7.3(0x16070321) NetType/4G Language/zh_CN"
101.226.233.139 - - [08/Oct/2018:10:50:09 +0800] "POST /weixin.php?signature=5f3fa581d95ef848e5f297241b78251769ff3116&timestamp=1538967009&nonce=1202662700&openid=owRHY1cti1oJT7ZfEgzXNbTyJPEo HTTP/1.1" 200 5 "-" "Mozilla/4.0"
124.64.17.34 - - [08/Oct/2018:10:50:09 +0800] "GET /question-list HTTP/1.1" 200 702 "-" "Mozilla/5.0 (iPhone; CPU iPhone OS 12_0 like Mac OS X) AppleWebKit/605.1.15 (KHTML, like Gecko) Mobile/16A366 MicroMessenger/6.7.3(0x16070321) NetType/4G Language/zh_CN"
124.64.17.34 - - [08/Oct/2018:10:50:11 +0800] "GET /question-view?q_id=2 HTTP/1.1" 200 2004 "http://peng.jinxiaofei.xyz/question-list" "Mozilla/5.0 (iPhone; CPU iPhone OS 12_0 like Mac OS X) AppleWebKit/605.1.15 (KHTML, like Gecko) Mobile/16A366 MicroMessenger/6.7.3(0x16070321) NetType/4G Language/zh_CN"
101.226.233.144 - - [08/Oct/2018:10:50:13 +0800] "POST /weixin.php?signature=94f16b1ef44d68958d7f8a44f92559ff9d679beb&timestamp=1538967013&nonce=1777261684&openid=owRHY1cti1oJT7ZfEgzXNbTyJPEo HTTP/1.1" 200 5 "-" "Mozilla/4.0"
124.64.17.34 - - [08/Oct/2018:10:50:13 +0800] "GET /self HTTP/1.1" 200 1225 "-" "Mozilla/5.0 (iPhone; CPU iPhone OS 12_0 like Mac OS X) AppleWebKit/605.1.15 (KHTML, like Gecko) Mobile/16A366 MicroMessenger/6.7.3(0x16070321) NetType/4G Language/zh_CN"
124.64.17.34 - - [08/Oct/2018:10:50:16 +0800] "GET /forward HTTP/1.1" 200 790 "http://peng.jinxiaofei.xyz/self" "Mozilla/5.0 (iPhone; CPU iPhone OS 12_0 like Mac OS X) AppleWebKit/605.1.15 (KHTML, like Gecko) Mobile/16A366 MicroMessenger/6.7.3(0x16070321) NetType/4G Language/zh_CN"
124.64.17.34 - - [08/Oct/2018:10:50:24 +0800] "GET /wechat?money=1 HTTP/1.1" 200 31 "http://peng.jinxiaofei.xyz/forward" "Mozilla/5.0 (iPhone; CPU iPhone OS 12_0 like Mac OS X) AppleWebKit/605.1.15 (KHTML, like Gecko) Mobile/16A366 MicroMessenger/6.7.3(0x16070321) NetType/4G Language/zh_CN"
124.64.17.34 - - [08/Oct/2018:10:50:33 +0800] "GET /wechat?money=0.00 HTTP/1.1" 200 31 "http://peng.jinxiaofei.xyz/forward" "Mozilla/5.0 (iPhone; CPU iPhone OS 12_0 like Mac OS X) AppleWebKit/605.1.15 (KHTML, like Gecko) Mobile/16A366 MicroMessenger/6.7.3(0x16070321) NetType/4G Language/zh_CN"
101.91.60.108 - - [08/Oct/2018:10:50:56 +0800] "GET /hotspot-list HTTP/1.1" 302 5 "-" "Mozilla/5.0 (iPhone; CPU iPhone OS 10_2_1 like Mac OS X) AppleWebKit/602.4.6 (KHTML, like Gecko) Mobile/14D27 MicroMessenger/6.5.5 NetType/WIFI Language/zh_CN"
101.91.60.106 - - [08/Oct/2018:10:51:05 +0800] "GET /hotspot-view?h_id=4 HTTP/1.1" 200 5846 "-" "Mozilla/5.0 (Linux; Android 5.1.1; SM801 Build/LMY47V; wv) AppleWebKit/537.36 (KHTML, like Gecko) Version/4.0 Chrome/53.0.2785.49 Mobile MQQBrowser/6.2 TBS/043024 Safari/537.36 MicroMessenger/6.5.4.1000 NetType/4G Language/zh_CN"
101.91.60.106 - - [08/Oct/2018:10:51:06 +0800] "GET /css/mobi.min.js HTTP/1.1" 200 21332 "http://peng.jinxiaofei.xyz/hotspot-view?h_id=4" "Mozilla/5.0 (Linux; Android 5.1.1; SM801 Build/LMY47V; wv) AppleWebKit/537.36 (KHTML, like Gecko) Version/4.0 Chrome/53.0.2785.49 Mobile MQQBrowser/6.2 TBS/043024 Safari/537.36 MicroMessenger/6.5.4.1000 NetType/4G Language/zh_CN"
61.151.178.165 - - [08/Oct/2018:10:51:25 +0800] "GET /wechat?money=1 HTTP/1.1" 500 291300 "-" "Mozilla/5.0 (iPhone; CPU iPhone OS 10_2_1 like Mac OS X) AppleWebKit/602.4.6 (KHTML, like Gecko) Mobile/14D27 MicroMessenger/6.5.5 NetType/WIFI Language/zh_CN"
101.89.29.92 - - [08/Oct/2018:10:51:27 +0800] "GET /forward HTTP/1.1" 500 588869 "-" "Mozilla/5.0 (Linux; Android 6.0.1; OPPO R9s Build/MMB29M) AppleWebKit/537.36 (KHTML, like Gecko) Version/4.0 Chrome/37.0.0.0 Mobile MQQBrowser/6.9 TBS/036906 Safari/537.36 MicroMessenger/6.5.4.1000 NetType/4G Language/zh_CN"
101.91.62.65 - - [08/Oct/2018:10:51:35 +0800] "GET /wechat?money=0.00 HTTP/1.1" 500 522742 "-" "Mozilla/5.0 (Linux; Android 5.1.1; SM801 Build/LMY47V; wv) AppleWebKit/537.36 (KHTML, like Gecko) Version/4.0 Chrome/53.0.2785.49 Mobile MQQBrowser/6.2 TBS/043024 Safari/537.36 MicroMessenger/6.5.4.1000 NetType/4G Language/zh_CN"
61.151.207.205 - - [08/Oct/2018:10:51:44 +0800] "GET /forward HTTP/1.1" 500 603840 "" "Mozilla/5.0 (Linux; U; Android 4.4.4; zh-cn; MX4 Pro Build/KTU84P) AppleWebKit/534.30 (KHTML, like Gecko) Version/4.0 Mobile Safari/534.30"
106.121.59.152 - - [08/Oct/2018:11:29:05 +0800] "GET /refund HTTP/1.1" 200 37 "-" "Mozilla/5.0 (Windows NT 10.0; Win64; x64) AppleWebKit/537.36 (KHTML, like Gecko) Chrome/67.0.3396.87 Safari/537.36"
101.226.233.148 - - [08/Oct/2018:11:29:38 +0800] "POST /weixin.php?signature=3c3420588cec3ae9a3e02349a68903037e606531&timestamp=1538969378&nonce=448006615&openid=owRHY1Xan97Rfve7ZFCzpB1sHcV4 HTTP/1.1" 200 5 "-" "Mozilla/4.0"
218.26.55.8 - - [08/Oct/2018:11:29:39 +0800] "GET /hotspot-list HTTP/1.1" 302 5 "-" "Mozilla/5.0 (iPhone; CPU iPhone OS 11_4_1 like Mac OS X) AppleWebKit/605.1.15 (KHTML, like Gecko) Mobile/15G77 MicroMessenger/6.7.2 NetType/4G Language/zh_HK"
218.26.55.8 - - [08/Oct/2018:11:29:41 +0800] "GET /weixin-auth?response_type=code&code=081uaLvo13xlJq0MOYyo1s0Gvo1uaLvp&state=http%3A%2F%2Fpeng.jinxiaofei.xyz%2Fhotspot-list HTTP/1.1" 200 31 "-" "Mozilla/5.0 (iPhone; CPU iPhone OS 11_4_1 like Mac OS X) AppleWebKit/605.1.15 (KHTML, like Gecko) Mobile/15G77 MicroMessenger/6.7.2 NetType/4G Language/zh_HK"
101.226.233.152 - - [08/Oct/2018:11:29:43 +0800] "POST /weixin.php?signature=4f2549f7798e3811c4e14c0046091c2cc8118d42&timestamp=1538969383&nonce=217388070&openid=owRHY1Xan97Rfve7ZFCzpB1sHcV4 HTTP/1.1" 200 5 "-" "Mozilla/4.0"
218.26.55.8 - - [08/Oct/2018:11:29:43 +0800] "GET /hotspot-list HTTP/1.1" 200 1053 "-" "Mozilla/5.0 (iPhone; CPU iPhone OS 11_4_1 like Mac OS X) AppleWebKit/605.1.15 (KHTML, like Gecko) Mobile/15G77 MicroMessenger/6.7.2 NetType/4G Language/zh_HK"
218.26.55.8 - - [08/Oct/2018:11:29:43 +0800] "GET /css/law_touch.css HTTP/1.1" 200 30101 "http://peng.jinxiaofei.xyz/hotspot-list" "Mozilla/5.0 (iPhone; CPU iPhone OS 11_4_1 like Mac OS X) AppleWebKit/605.1.15 (KHTML, like Gecko) Mobile/15G77 MicroMessenger/6.7.2 NetType/4G Language/zh_HK"
218.26.55.8 - - [08/Oct/2018:11:29:44 +0800] "GET /css/mobi.min.js HTTP/1.1" 200 7724 "http://peng.jinxiaofei.xyz/hotspot-list" "Mozilla/5.0 (iPhone; CPU iPhone OS 11_4_1 like Mac OS X) AppleWebKit/605.1.15 (KHTML, like Gecko) Mobile/15G77 MicroMessenger/6.7.2 NetType/4G Language/zh_HK"
218.26.55.8 - - [08/Oct/2018:11:29:46 +0800] "GET /hotspot-view?h_id=4 HTTP/1.1" 200 2337 "http://peng.jinxiaofei.xyz/hotspot-list" "Mozilla/5.0 (iPhone; CPU iPhone OS 11_4_1 like Mac OS X) AppleWebKit/605.1.15 (KHTML, like Gecko) Mobile/15G77 MicroMessenger/6.7.2 NetType/4G Language/zh_HK"
218.26.55.8 - - [08/Oct/2018:11:29:56 +0800] "POST /hotspot-comment HTTP/1.1" 200 55 "http://peng.jinxiaofei.xyz/hotspot-view?h_id=4" "Mozilla/5.0 (iPhone; CPU iPhone OS 11_4_1 like Mac OS X) AppleWebKit/605.1.15 (KHTML, like Gecko) Mobile/15G77 MicroMessenger/6.7.2 NetType/4G Language/zh_HK"
218.26.55.8 - - [08/Oct/2018:11:29:57 +0800] "GET /hotspot-view?h_id=4 HTTP/1.1" 200 2354 "http://peng.jinxiaofei.xyz/hotspot-view?h_id=4" "Mozilla/5.0 (iPhone; CPU iPhone OS 11_4_1 like Mac OS X) AppleWebKit/605.1.15 (KHTML, like Gecko) Mobile/15G77 MicroMessenger/6.7.2 NetType/4G Language/zh_HK"
101.89.29.94 - - [08/Oct/2018:11:30:46 +0800] "GET /hotspot-view?h_id=4 HTTP/1.1" 200 5992 "-" "Mozilla/5.0 (Linux; Android 4.4.4; Coolpad Y82-520 Build/KTU84P) AppleWebKit/537.36 (KHTML, like Gecko) Version/4.0 Chrome/33.0.0.0 Mobile Safari/537.36 MicroMessenger/6.5.4.1000 NetType/4G Language/zh_CN"
101.89.29.94 - - [08/Oct/2018:11:30:47 +0800] "GET /css/mobi.min.js HTTP/1.1" 200 21332 "http://peng.jinxiaofei.xyz/hotspot-view?h_id=4" "Mozilla/5.0 (iPhone; CPU iPhone OS 10_2_1 like Mac OS X) AppleWebKit/602.4.6 (KHTML, like Gecko) Mobile/14D27 MicroMessenger/6.5.5 NetType/WIFI Language/zh_CN"
106.121.59.152 - - [08/Oct/2018:11:53:58 +0800] "GET /refund?q_id=2 HTTP/1.1" 200 38 "-" "Mozilla/5.0 (Windows NT 10.0; Win64; x64) AppleWebKit/537.36 (KHTML, like Gecko) Chrome/67.0.3396.87 Safari/537.36"
106.121.59.152 - - [08/Oct/2018:11:55:39 +0800] "GET /refund?q_id=2 HTTP/1.1" 200 61 "-" "Mozilla/5.0 (Windows NT 10.0; Win64; x64) AppleWebKit/537.36 (KHTML, like Gecko) Chrome/67.0.3396.87 Safari/537.36"
106.121.59.152 - - [08/Oct/2018:11:59:53 +0800] "GET /refund?q_id=2&u_id=3 HTTP/1.1" 200 61 "-" "Mozilla/5.0 (Windows NT 10.0; Win64; x64) AppleWebKit/537.36 (KHTML, like Gecko) Chrome/67.0.3396.87 Safari/537.36"
101.226.233.144 - - [08/Oct/2018:12:00:46 +0800] "POST /weixin.php?signature=dc2105b683b2373b41dc7e2948b0e12e5434048f&timestamp=1538971246&nonce=243787490&openid=owRHY1ZquVjH86tjNF4X00BmmzUI HTTP/1.1" 200 5 "-" "Mozilla/4.0"
123.151.77.72 - - [08/Oct/2018:12:00:47 +0800] "GET /self HTTP/1.1" 302 5 "-" "Mozilla/5.0 (Linux; Android 8.0; VKY-AL00 Build/HUAWEIVKY-AL00; wv) AppleWebKit/537.36 (KHTML, like Gecko) Version/4.0 Chrome/57.0.2987.132 MQQBrowser/6.2 TBS/044304 Mobile Safari/537.36 MicroMessenger/6.7.3.1360(0x26070333) NetType/4G Language/zh_CN Process/tools"
123.151.77.72 - - [08/Oct/2018:12:00:49 +0800] "GET /weixin-auth?response_type=code&code=001hVq7C11LL440Q5j6C1Rrk7C1hVq7Z&state=http%3A%2F%2Fpeng.jinxiaofei.xyz%2Fself HTTP/1.1" 200 31 "-" "Mozilla/5.0 (Linux; Android 8.0; VKY-AL00 Build/HUAWEIVKY-AL00; wv) AppleWebKit/537.36 (KHTML, like Gecko) Version/4.0 Chrome/57.0.2987.132 MQQBrowser/6.2 TBS/044304 Mobile Safari/537.36 MicroMessenger/6.7.3.1360(0x26070333) NetType/4G Language/zh_CN Process/tools"
101.226.233.139 - - [08/Oct/2018:12:00:54 +0800] "POST /weixin.php?signature=4060d37b3bd089888fa36a08e8c01de164b5bccf&timestamp=1538971254&nonce=1088543819&openid=owRHY1ZquVjH86tjNF4X00BmmzUI HTTP/1.1" 200 5 "-" "Mozilla/4.0"
123.151.77.72 - - [08/Oct/2018:12:00:54 +0800] "GET /self HTTP/1.1" 200 1224 "-" "Mozilla/5.0 (Linux; Android 8.0; VKY-AL00 Build/HUAWEIVKY-AL00; wv) AppleWebKit/537.36 (KHTML, like Gecko) Version/4.0 Chrome/57.0.2987.132 MQQBrowser/6.2 TBS/044304 Mobile Safari/537.36 MicroMessenger/6.7.3.1360(0x26070333) NetType/4G Language/zh_CN Process/tools"
106.38.128.135 - - [08/Oct/2018:12:00:55 +0800] "GET /css/law_touch.css HTTP/1.1" 200 30101 "http://peng.jinxiaofei.xyz/self" "Mozilla/5.0 (Linux; Android 8.0; VKY-AL00 Build/HUAWEIVKY-AL00; wv) AppleWebKit/537.36 (KHTML, like Gecko) Version/4.0 Chrome/57.0.2987.132 MQQBrowser/6.2 TBS/044304 Mobile Safari/537.36 MicroMessenger/6.7.3.1360(0x26070333) NetType/4G Language/zh_CN Process/tools"
123.151.77.72 - - [08/Oct/2018:12:00:55 +0800] "GET /css/mobi.min.js HTTP/1.1" 200 7724 "http://peng.jinxiaofei.xyz/self" "Mozilla/5.0 (Linux; Android 8.0; VKY-AL00 Build/HUAWEIVKY-AL00; wv) AppleWebKit/537.36 (KHTML, like Gecko) Version/4.0 Chrome/57.0.2987.132 MQQBrowser/6.2 TBS/044304 Mobile Safari/537.36 MicroMessenger/6.7.3.1360(0x26070333) NetType/4G Language/zh_CN Process/tools"
106.38.128.135 - - [08/Oct/2018:12:00:55 +0800] "GET /favicon.ico HTTP/1.1" 200 0 "http://peng.jinxiaofei.xyz/self" "Mozilla/5.0 (Linux; Android 8.0; VKY-AL00 Build/HUAWEIVKY-AL00; wv) AppleWebKit/537.36 (KHTML, like Gecko) Version/4.0 Chrome/57.0.2987.132 MQQBrowser/6.2 TBS/044304 Mobile Safari/537.36 MicroMessenger/6.7.3.1360(0x26070333) NetType/4G Language/zh_CN Process/tools"
101.89.29.92 - - [08/Oct/2018:12:02:12 +0800] "GET /self HTTP/1.1" 302 5 "-" "Mozilla/5.0 (Linux; Android 5.1.1; SM801 Build/LMY47V; wv) AppleWebKit/537.36 (KHTML, like Gecko) Version/4.0 Chrome/53.0.2785.49 Mobile MQQBrowser/6.2 TBS/043024 Safari/537.36 MicroMessenger/6.5.4.1000 NetType/4G Language/zh_CN"
101.226.233.142 - - [08/Oct/2018:13:50:30 +0800] "POST /weixin.php?signature=20372d43d3a27a7438f47c1c27d94bd85a622ac7&timestamp=1538977830&nonce=449703795&openid=owRHY1Xan97Rfve7ZFCzpB1sHcV4 HTTP/1.1" 200 5 "-" "Mozilla/4.0"
218.26.55.8 - - [08/Oct/2018:13:50:31 +0800] "GET /hotspot-list HTTP/1.1" 302 5 "-" "Mozilla/5.0 (iPhone; CPU iPhone OS 11_4_1 like Mac OS X) AppleWebKit/605.1.15 (KHTML, like Gecko) Mobile/15G77 MicroMessenger/6.7.2 NetType/4G Language/zh_HK"
218.26.55.8 - - [08/Oct/2018:13:50:33 +0800] "GET /weixin-auth?response_type=code&code=0710giIc1ba43u01YUEc10G3Ic10giIl&state=http%3A%2F%2Fpeng.jinxiaofei.xyz%2Fhotspot-list HTTP/1.1" 200 31 "-" "Mozilla/5.0 (iPhone; CPU iPhone OS 11_4_1 like Mac OS X) AppleWebKit/605.1.15 (KHTML, like Gecko) Mobile/15G77 MicroMessenger/6.7.2 NetType/4G Language/zh_HK"
101.226.233.157 - - [08/Oct/2018:13:50:34 +0800] "POST /weixin.php?signature=382af8c9b3f6fe79504c3fc8c4d6c5cd28eac3d7&timestamp=1538977834&nonce=1495060701&openid=owRHY1Xan97Rfve7ZFCzpB1sHcV4 HTTP/1.1" 200 5 "-" "Mozilla/4.0"
218.26.55.8 - - [08/Oct/2018:13:50:35 +0800] "GET /hotspot-list HTTP/1.1" 200 1053 "-" "Mozilla/5.0 (iPhone; CPU iPhone OS 11_4_1 like Mac OS X) AppleWebKit/605.1.15 (KHTML, like Gecko) Mobile/15G77 MicroMessenger/6.7.2 NetType/4G Language/zh_HK"
218.26.55.8 - - [08/Oct/2018:13:50:37 +0800] "GET /hotspot-view?h_id=4 HTTP/1.1" 200 2351 "http://peng.jinxiaofei.xyz/hotspot-list" "Mozilla/5.0 (iPhone; CPU iPhone OS 11_4_1 like Mac OS X) AppleWebKit/605.1.15 (KHTML, like Gecko) Mobile/15G77 MicroMessenger/6.7.2 NetType/4G Language/zh_HK"
101.226.233.147 - - [08/Oct/2018:13:54:24 +0800] "POST /weixin.php?signature=99c54ee8ee5b667573cc43d048538cc7dbd0fd32&timestamp=1538978064&nonce=645952261&openid=owRHY1Xan97Rfve7ZFCzpB1sHcV4 HTTP/1.1" 200 5 "-" "Mozilla/4.0"
218.26.55.8 - - [08/Oct/2018:13:54:24 +0800] "GET /hotspot-list HTTP/1.1" 200 1052 "-" "Mozilla/5.0 (iPhone; CPU iPhone OS 11_4_1 like Mac OS X) AppleWebKit/605.1.15 (KHTML, like Gecko) Mobile/15G77 MicroMessenger/6.7.2 NetType/4G Language/zh_HK"
218.26.55.8 - - [08/Oct/2018:13:54:26 +0800] "GET /hotspot-view?h_id=4 HTTP/1.1" 200 2577 "http://peng.jinxiaofei.xyz/hotspot-list" "Mozilla/5.0 (iPhone; CPU iPhone OS 11_4_1 like Mac OS X) AppleWebKit/605.1.15 (KHTML, like Gecko) Mobile/15G77 MicroMessenger/6.7.2 NetType/4G Language/zh_HK"
101.226.233.142 - - [08/Oct/2018:14:00:11 +0800] "POST /weixin.php?signature=ae16a4d1964196ffb7b47b876d4fc5fea81ba364&timestamp=1538978411&nonce=2072188614&openid=owRHY1Xan97Rfve7ZFCzpB1sHcV4 HTTP/1.1" 200 5 "-" "Mozilla/4.0"
218.26.55.8 - - [08/Oct/2018:14:00:11 +0800] "GET /hotspot-list HTTP/1.1" 200 1052 "-" "Mozilla/5.0 (iPhone; CPU iPhone OS 11_4_1 like Mac OS X) AppleWebKit/605.1.15 (KHTML, like Gecko) Mobile/15G77 MicroMessenger/6.7.2 NetType/4G Language/zh_HK"
218.26.55.8 - - [08/Oct/2018:14:00:13 +0800] "GET /hotspot-view?h_id=4 HTTP/1.1" 200 2572 "http://peng.jinxiaofei.xyz/hotspot-list" "Mozilla/5.0 (iPhone; CPU iPhone OS 11_4_1 like Mac OS X) AppleWebKit/605.1.15 (KHTML, like Gecko) Mobile/15G77 MicroMessenger/6.7.2 NetType/4G Language/zh_HK"
101.226.233.142 - - [08/Oct/2018:14:02:18 +0800] "POST /weixin.php?signature=f41552c4b4f66a5d2137f8b8d07d28601931b281&timestamp=1538978538&nonce=1052181473&openid=owRHY1Xan97Rfve7ZFCzpB1sHcV4 HTTP/1.1" 200 5 "-" "Mozilla/4.0"
218.26.55.8 - - [08/Oct/2018:14:02:18 +0800] "GET /hotspot-list HTTP/1.1" 200 1052 "-" "Mozilla/5.0 (iPhone; CPU iPhone OS 11_4_1 like Mac OS X) AppleWebKit/605.1.15 (KHTML, like Gecko) Mobile/15G77 MicroMessenger/6.7.2 NetType/4G Language/zh_HK"
218.26.55.8 - - [08/Oct/2018:14:02:20 +0800] "GET /hotspot-view?h_id=4 HTTP/1.1" 200 2573 "http://peng.jinxiaofei.xyz/hotspot-list" "Mozilla/5.0 (iPhone; CPU iPhone OS 11_4_1 like Mac OS X) AppleWebKit/605.1.15 (KHTML, like Gecko) Mobile/15G77 MicroMessenger/6.7.2 NetType/4G Language/zh_HK"
101.226.233.158 - - [08/Oct/2018:14:03:59 +0800] "POST /weixin.php?signature=16d25479c66b9e2a835e18cdb2e14b6db9266241&timestamp=1538978639&nonce=689509637&openid=owRHY1Xan97Rfve7ZFCzpB1sHcV4 HTTP/1.1" 200 5 "-" "Mozilla/4.0"
218.26.55.8 - - [08/Oct/2018:14:03:59 +0800] "GET /hotspot-list HTTP/1.1" 200 1052 "-" "Mozilla/5.0 (iPhone; CPU iPhone OS 11_4_1 like Mac OS X) AppleWebKit/605.1.15 (KHTML, like Gecko) Mobile/15G77 MicroMessenger/6.7.2 NetType/4G Language/zh_HK"
218.26.55.8 - - [08/Oct/2018:14:04:01 +0800] "GET /hotspot-view?h_id=4 HTTP/1.1" 200 2573 "http://peng.jinxiaofei.xyz/hotspot-list" "Mozilla/5.0 (iPhone; CPU iPhone OS 11_4_1 like Mac OS X) AppleWebKit/605.1.15 (KHTML, like Gecko) Mobile/15G77 MicroMessenger/6.7.2 NetType/4G Language/zh_HK"
101.226.233.154 - - [08/Oct/2018:14:04:55 +0800] "POST /weixin.php?signature=7600734b3abc3cd49b08a52b5b32ac3e012fb95c&timestamp=1538978695&nonce=532423060&openid=owRHY1Xan97Rfve7ZFCzpB1sHcV4 HTTP/1.1" 200 5 "-" "Mozilla/4.0"
218.26.55.8 - - [08/Oct/2018:14:04:55 +0800] "GET /hotspot-list HTTP/1.1" 200 1052 "-" "Mozilla/5.0 (iPhone; CPU iPhone OS 11_4_1 like Mac OS X) AppleWebKit/605.1.15 (KHTML, like Gecko) Mobile/15G77 MicroMessenger/6.7.2 NetType/4G Language/zh_HK"
218.26.55.8 - - [08/Oct/2018:14:04:57 +0800] "GET /hotspot-view?h_id=4 HTTP/1.1" 200 2455 "http://peng.jinxiaofei.xyz/hotspot-list" "Mozilla/5.0 (iPhone; CPU iPhone OS 11_4_1 like Mac OS X) AppleWebKit/605.1.15 (KHTML, like Gecko) Mobile/15G77 MicroMessenger/6.7.2 NetType/4G Language/zh_HK"
218.26.55.8 - - [08/Oct/2018:14:05:02 +0800] "POST /hotspot-thread HTTP/1.1" 419 12300 "http://peng.jinxiaofei.xyz/hotspot-view?h_id=4" "Mozilla/5.0 (iPhone; CPU iPhone OS 11_4_1 like Mac OS X) AppleWebKit/605.1.15 (KHTML, like Gecko) Mobile/15G77 MicroMessenger/6.7.2 NetType/4G Language/zh_HK"
218.26.55.8 - - [08/Oct/2018:14:05:04 +0800] "POST /hotspot-thread HTTP/1.1" 419 12300 "http://peng.jinxiaofei.xyz/hotspot-view?h_id=4" "Mozilla/5.0 (iPhone; CPU iPhone OS 11_4_1 like Mac OS X) AppleWebKit/605.1.15 (KHTML, like Gecko) Mobile/15G77 MicroMessenger/6.7.2 NetType/4G Language/zh_HK"
101.226.233.152 - - [08/Oct/2018:14:08:04 +0800] "POST /weixin.php?signature=53706c76d758dacea48a1f7d89f62203d985399d&timestamp=1538978884&nonce=1917173896&openid=owRHY1Xan97Rfve7ZFCzpB1sHcV4 HTTP/1.1" 200 5 "-" "Mozilla/4.0"
218.26.55.8 - - [08/Oct/2018:14:08:04 +0800] "GET /hotspot-list HTTP/1.1" 200 1052 "-" "Mozilla/5.0 (iPhone; CPU iPhone OS 11_4_1 like Mac OS X) AppleWebKit/605.1.15 (KHTML, like Gecko) Mobile/15G77 MicroMessenger/6.7.2 NetType/4G Language/zh_HK"
218.26.55.8 - - [08/Oct/2018:14:08:06 +0800] "GET /hotspot-view?h_id=4 HTTP/1.1" 200 2465 "http://peng.jinxiaofei.xyz/hotspot-list" "Mozilla/5.0 (iPhone; CPU iPhone OS 11_4_1 like Mac OS X) AppleWebKit/605.1.15 (KHTML, like Gecko) Mobile/15G77 MicroMessenger/6.7.2 NetType/4G Language/zh_HK"
218.26.55.8 - - [08/Oct/2018:14:08:11 +0800] "POST /hotspot-thread HTTP/1.1" 500 14748 "http://peng.jinxiaofei.xyz/hotspot-view?h_id=4" "Mozilla/5.0 (iPhone; CPU iPhone OS 11_4_1 like Mac OS X) AppleWebKit/605.1.15 (KHTML, like Gecko) Mobile/15G77 MicroMessenger/6.7.2 NetType/4G Language/zh_HK"
218.26.55.8 - - [08/Oct/2018:14:10:07 +0800] "POST /hotspot-thread HTTP/1.1" 500 14748 "http://peng.jinxiaofei.xyz/hotspot-view?h_id=4" "Mozilla/5.0 (iPhone; CPU iPhone OS 11_4_1 like Mac OS X) AppleWebKit/605.1.15 (KHTML, like Gecko) Mobile/15G77 MicroMessenger/6.7.2 NetType/4G Language/zh_HK"
218.26.55.8 - - [08/Oct/2018:14:10:07 +0800] "POST /hotspot-thread HTTP/1.1" 500 14748 "http://peng.jinxiaofei.xyz/hotspot-view?h_id=4" "Mozilla/5.0 (iPhone; CPU iPhone OS 11_4_1 like Mac OS X) AppleWebKit/605.1.15 (KHTML, like Gecko) Mobile/15G77 MicroMessenger/6.7.2 NetType/4G Language/zh_HK"
218.26.55.8 - - [08/Oct/2018:14:10:08 +0800] "POST /hotspot-thread HTTP/1.1" 500 14748 "http://peng.jinxiaofei.xyz/hotspot-view?h_id=4" "Mozilla/5.0 (iPhone; CPU iPhone OS 11_4_1 like Mac OS X) AppleWebKit/605.1.15 (KHTML, like Gecko) Mobile/15G77 MicroMessenger/6.7.2 NetType/4G Language/zh_HK"
218.26.55.8 - - [08/Oct/2018:14:10:08 +0800] "POST /hotspot-thread HTTP/1.1" 500 14748 "http://peng.jinxiaofei.xyz/hotspot-view?h_id=4" "Mozilla/5.0 (iPhone; CPU iPhone OS 11_4_1 like Mac OS X) AppleWebKit/605.1.15 (KHTML, like Gecko) Mobile/15G77 MicroMessenger/6.7.2 NetType/4G Language/zh_HK"
218.26.55.8 - - [08/Oct/2018:14:10:08 +0800] "POST /hotspot-thread HTTP/1.1" 500 14748 "http://peng.jinxiaofei.xyz/hotspot-view?h_id=4" "Mozilla/5.0 (iPhone; CPU iPhone OS 11_4_1 like Mac OS X) AppleWebKit/605.1.15 (KHTML, like Gecko) Mobile/15G77 MicroMessenger/6.7.2 NetType/4G Language/zh_HK"
218.26.55.8 - - [08/Oct/2018:14:10:08 +0800] "POST /hotspot-thread HTTP/1.1" 500 14748 "http://peng.jinxiaofei.xyz/hotspot-view?h_id=4" "Mozilla/5.0 (iPhone; CPU iPhone OS 11_4_1 like Mac OS X) AppleWebKit/605.1.15 (KHTML, like Gecko) Mobile/15G77 MicroMessenger/6.7.2 NetType/4G Language/zh_HK"
218.26.55.8 - - [08/Oct/2018:14:10:09 +0800] "POST /hotspot-thread HTTP/1.1" 500 14748 "http://peng.jinxiaofei.xyz/hotspot-view?h_id=4" "Mozilla/5.0 (iPhone; CPU iPhone OS 11_4_1 like Mac OS X) AppleWebKit/605.1.15 (KHTML, like Gecko) Mobile/15G77 MicroMessenger/6.7.2 NetType/4G Language/zh_HK"
218.26.55.8 - - [08/Oct/2018:14:10:09 +0800] "POST /hotspot-thread HTTP/1.1" 500 14748 "http://peng.jinxiaofei.xyz/hotspot-view?h_id=4" "Mozilla/5.0 (iPhone; CPU iPhone OS 11_4_1 like Mac OS X) AppleWebKit/605.1.15 (KHTML, like Gecko) Mobile/15G77 MicroMessenger/6.7.2 NetType/4G Language/zh_HK"
218.26.55.8 - - [08/Oct/2018:14:10:09 +0800] "POST /hotspot-thread HTTP/1.1" 500 14748 "http://peng.jinxiaofei.xyz/hotspot-view?h_id=4" "Mozilla/5.0 (iPhone; CPU iPhone OS 11_4_1 like Mac OS X) AppleWebKit/605.1.15 (KHTML, like Gecko) Mobile/15G77 MicroMessenger/6.7.2 NetType/4G Language/zh_HK"
218.26.55.8 - - [08/Oct/2018:14:10:09 +0800] "POST /hotspot-thread HTTP/1.1" 500 14748 "http://peng.jinxiaofei.xyz/hotspot-view?h_id=4" "Mozilla/5.0 (iPhone; CPU iPhone OS 11_4_1 like Mac OS X) AppleWebKit/605.1.15 (KHTML, like Gecko) Mobile/15G77 MicroMessenger/6.7.2 NetType/4G Language/zh_HK"
218.26.55.8 - - [08/Oct/2018:14:10:10 +0800] "POST /hotspot-thread HTTP/1.1" 500 14748 "http://peng.jinxiaofei.xyz/hotspot-view?h_id=4" "Mozilla/5.0 (iPhone; CPU iPhone OS 11_4_1 like Mac OS X) AppleWebKit/605.1.15 (KHTML, like Gecko) Mobile/15G77 MicroMessenger/6.7.2 NetType/4G Language/zh_HK"
218.26.55.8 - - [08/Oct/2018:14:10:10 +0800] "POST /hotspot-thread HTTP/1.1" 500 14748 "http://peng.jinxiaofei.xyz/hotspot-view?h_id=4" "Mozilla/5.0 (iPhone; CPU iPhone OS 11_4_1 like Mac OS X) AppleWebKit/605.1.15 (KHTML, like Gecko) Mobile/15G77 MicroMessenger/6.7.2 NetType/4G Language/zh_HK"
218.26.55.8 - - [08/Oct/2018:14:10:10 +0800] "POST /hotspot-thread HTTP/1.1" 500 14748 "http://peng.jinxiaofei.xyz/hotspot-view?h_id=4" "Mozilla/5.0 (iPhone; CPU iPhone OS 11_4_1 like Mac OS X) AppleWebKit/605.1.15 (KHTML, like Gecko) Mobile/15G77 MicroMessenger/6.7.2 NetType/4G Language/zh_HK"
218.26.55.8 - - [08/Oct/2018:14:10:10 +0800] "POST /hotspot-thread HTTP/1.1" 500 14748 "http://peng.jinxiaofei.xyz/hotspot-view?h_id=4" "Mozilla/5.0 (iPhone; CPU iPhone OS 11_4_1 like Mac OS X) AppleWebKit/605.1.15 (KHTML, like Gecko) Mobile/15G77 MicroMessenger/6.7.2 NetType/4G Language/zh_HK"
218.26.55.8 - - [08/Oct/2018:14:10:11 +0800] "POST /hotspot-thread HTTP/1.1" 500 14748 "http://peng.jinxiaofei.xyz/hotspot-view?h_id=4" "Mozilla/5.0 (iPhone; CPU iPhone OS 11_4_1 like Mac OS X) AppleWebKit/605.1.15 (KHTML, like Gecko) Mobile/15G77 MicroMessenger/6.7.2 NetType/4G Language/zh_HK"
218.26.55.8 - - [08/Oct/2018:14:10:11 +0800] "POST /hotspot-thread HTTP/1.1" 500 14748 "http://peng.jinxiaofei.xyz/hotspot-view?h_id=4" "Mozilla/5.0 (iPhone; CPU iPhone OS 11_4_1 like Mac OS X) AppleWebKit/605.1.15 (KHTML, like Gecko) Mobile/15G77 MicroMessenger/6.7.2 NetType/4G Language/zh_HK"
218.26.55.8 - - [08/Oct/2018:14:10:17 +0800] "POST /hotspot-thread HTTP/1.1" 500 14748 "http://peng.jinxiaofei.xyz/hotspot-view?h_id=4" "Mozilla/5.0 (iPhone; CPU iPhone OS 11_4_1 like Mac OS X) AppleWebKit/605.1.15 (KHTML, like Gecko) Mobile/15G77 MicroMessenger/6.7.2 NetType/4G Language/zh_HK"
101.226.233.157 - - [08/Oct/2018:14:10:24 +0800] "POST /weixin.php?signature=d5d714213d0f489b694ea4d1115ce3af0af56079&timestamp=1538979024&nonce=215531029&openid=owRHY1Xan97Rfve7ZFCzpB1sHcV4 HTTP/1.1" 200 5 "-" "Mozilla/4.0"
218.26.55.8 - - [08/Oct/2018:14:10:24 +0800] "GET /hotspot-list HTTP/1.1" 200 1052 "-" "Mozilla/5.0 (iPhone; CPU iPhone OS 11_4_1 like Mac OS X) AppleWebKit/605.1.15 (KHTML, like Gecko) Mobile/15G77 MicroMessenger/6.7.2 NetType/4G Language/zh_HK"
101.227.139.173 - - [08/Oct/2018:14:11:35 +0800] "GET / HTTP/1.0" 200 2321 "-" "Mozilla/5.0 (iPhone; CPU iPhone OS 8_3 like Mac OS X) AppleWebKit/600.1.4 (KHTML; like Gecko) Mobile/12F70 MicroMessenger/6.1.5 NetType/WIFI"
218.26.55.8 - - [08/Oct/2018:14:12:45 +0800] "GET /hotspot-thread?contont2=2&h_id=1&con_id=1 HTTP/1.1" 500 617315 "-" "Mozilla/5.0 (Windows NT 10.0; WOW64) AppleWebKit/537.36 (KHTML, like Gecko) Chrome/67.0.3396.62 Safari/537.36"
218.26.55.8 - - [08/Oct/2018:14:12:47 +0800] "GET /favicon.ico HTTP/1.1" 200 0 "http://peng.jinxiaofei.xyz/hotspot-thread?contont2=2&h_id=1&con_id=1" "Mozilla/5.0 (Windows NT 10.0; WOW64) AppleWebKit/537.36 (KHTML, like Gecko) Chrome/67.0.3396.62 Safari/537.36"
58.246.221.163 - - [08/Oct/2018:14:13:45 +0800] "GET /hotspot-thread?contont2=2&h_id=1&con_id=1 HTTP/1.1" 500 579348 "-" "Mozilla/5.0 (Windows NT 6.1; WOW64) AppleWebKit/537.36 (KHTML, like Gecko) Chrome/56.0.2924.87 Safari/537.36"
218.26.55.8 - - [08/Oct/2018:14:15:25 +0800] "GET /hotspot-thread?contont2=2&h_id=1&con_id=1 HTTP/1.1" 200 31 "-" "Mozilla/5.0 (Windows NT 10.0; WOW64) AppleWebKit/537.36 (KHTML, like Gecko) Chrome/67.0.3396.62 Safari/537.36"
218.26.55.8 - - [08/Oct/2018:14:15:30 +0800] "GET /hotspot-thread?contont2=2&h_id=1&con_id=1 HTTP/1.1" 200 31 "-" "Mozilla/5.0 (Windows NT 10.0; WOW64) AppleWebKit/537.36 (KHTML, like Gecko) Chrome/67.0.3396.62 Safari/537.36"
101.226.233.139 - - [08/Oct/2018:14:15:50 +0800] "POST /weixin.php?signature=3926726813d2008152e271f95e48588ff0325091&timestamp=1538979350&nonce=745773897&openid=owRHY1Xan97Rfve7ZFCzpB1sHcV4 HTTP/1.1" 200 5 "-" "Mozilla/4.0"
218.26.55.8 - - [08/Oct/2018:14:15:50 +0800] "GET /hotspot-list HTTP/1.1" 200 1052 "-" "Mozilla/5.0 (iPhone; CPU iPhone OS 11_4_1 like Mac OS X) AppleWebKit/605.1.15 (KHTML, like Gecko) Mobile/15G77 MicroMessenger/6.7.2 NetType/4G Language/zh_HK"
218.26.55.8 - - [08/Oct/2018:14:16:17 +0800] "GET /hotspot-thread HTTP/1.1" 200 31 "-" "Mozilla/5.0 (Windows NT 10.0; WOW64) AppleWebKit/537.36 (KHTML, like Gecko) Chrome/67.0.3396.62 Safari/537.36"
218.26.55.8 - - [08/Oct/2018:14:16:19 +0800] "GET /hotspot-thread HTTP/1.1" 200 31 "-" "Mozilla/5.0 (Windows NT 10.0; WOW64) AppleWebKit/537.36 (KHTML, like Gecko) Chrome/67.0.3396.62 Safari/537.36"
218.26.55.8 - - [08/Oct/2018:14:16:19 +0800] "GET /favicon.ico HTTP/1.1" 200 0 "http://peng.jinxiaofei.xyz/hotspot-thread" "Mozilla/5.0 (Windows NT 10.0; WOW64) AppleWebKit/537.36 (KHTML, like Gecko) Chrome/67.0.3396.62 Safari/537.36"
218.26.55.8 - - [08/Oct/2018:14:16:19 +0800] "GET /hotspot-thread HTTP/1.1" 200 31 "-" "Mozilla/5.0 (Windows NT 10.0; WOW64) AppleWebKit/537.36 (KHTML, like Gecko) Chrome/67.0.3396.62 Safari/537.36"
218.26.55.8 - - [08/Oct/2018:14:16:19 +0800] "GET /favicon.ico HTTP/1.1" 200 0 "http://peng.jinxiaofei.xyz/hotspot-thread" "Mozilla/5.0 (Windows NT 10.0; WOW64) AppleWebKit/537.36 (KHTML, like Gecko) Chrome/67.0.3396.62 Safari/537.36"
218.26.55.8 - - [08/Oct/2018:14:16:19 +0800] "GET /hotspot-thread HTTP/1.1" 200 31 "-" "Mozilla/5.0 (Windows NT 10.0; WOW64) AppleWebKit/537.36 (KHTML, like Gecko) Chrome/67.0.3396.62 Safari/537.36"
218.26.55.8 - - [08/Oct/2018:14:16:20 +0800] "GET /favicon.ico HTTP/1.1" 200 0 "http://peng.jinxiaofei.xyz/hotspot-thread" "Mozilla/5.0 (Windows NT 10.0; WOW64) AppleWebKit/537.36 (KHTML, like Gecko) Chrome/67.0.3396.62 Safari/537.36"
218.26.55.8 - - [08/Oct/2018:14:16:21 +0800] "GET /hotspot-thread HTTP/1.1" 200 31 "-" "Mozilla/5.0 (Windows NT 10.0; WOW64) AppleWebKit/537.36 (KHTML, like Gecko) Chrome/67.0.3396.62 Safari/537.36"
101.226.233.141 - - [08/Oct/2018:14:16:32 +0800] "POST /weixin.php?signature=5d41e649322ea214b441b3c5e62b2595db8635db&timestamp=1538979392&nonce=1628107726&openid=owRHY1cti1oJT7ZfEgzXNbTyJPEo HTTP/1.1" 200 5 "-" "Mozilla/4.0"
61.148.243.80 - - [08/Oct/2018:14:16:33 +0800] "GET /hotspot-list HTTP/1.1" 302 5 "-" "Mozilla/5.0 (iPhone; CPU iPhone OS 12_0 like Mac OS X) AppleWebKit/605.1.15 (KHTML, like Gecko) Mobile/16A366 MicroMessenger/6.7.3(0x16070321) NetType/4G Language/zh_CN"
61.148.243.80 - - [08/Oct/2018:14:16:34 +0800] "GET /weixin-auth?response_type=code&code=0019kItZ1WrnZ01naLuZ1v7ytZ19kItK&state=http%3A%2F%2Fpeng.jinxiaofei.xyz%2Fhotspot-list HTTP/1.1" 200 31 "-" "Mozilla/5.0 (iPhone; CPU iPhone OS 12_0 like Mac OS X) AppleWebKit/605.1.15 (KHTML, like Gecko) Mobile/16A366 MicroMessenger/6.7.3(0x16070321) NetType/4G Language/zh_CN"
101.226.233.143 - - [08/Oct/2018:14:16:36 +0800] "POST /weixin.php?signature=da1c4065081f4c35c8f9ee03c6f5bc551c5f4706&timestamp=1538979396&nonce=627269933&openid=owRHY1cti1oJT7ZfEgzXNbTyJPEo HTTP/1.1" 200 5 "-" "Mozilla/4.0"
